== Training curriculum ego on sizes 6..22 ==
  game   500 | eps 0.88 | train[6:0.5  10:0.3  14:0.7  18:0.4  22:0.5] | GREEDY 10:14.1 22:16.5
  game  1000 | eps 0.76 | train[6:0.7  10:1.0  14:1.2  18:1.3  22:1.2] | GREEDY 10:10.2 22:17.9
  game  1500 | eps 0.64 | train[6:1.0  10:1.5  14:1.4  18:1.6  22:1.5] | GREEDY 10:13.7 22:16.5
  game  2000 | eps 0.52 | train[6:1.4  10:1.7  14:1.5  18:1.8  22:1.5] | GREEDY 10:8.1 22:8.8
  game  2500 | eps 0.40 | train[6:1.8  10:1.7  14:1.6  18:1.7  22:1.9] | GREEDY 10:13.1 22:18.9
  game  3000 | eps 0.29 | train[6:2.7  10:2.6  14:2.3  18:2.4  22:2.3] | GREEDY 10:15.1 22:26.5
  game  3500 | eps 0.17 | train[6:3.7  10:3.8  14:2.7  18:2.7  22:3.0] | GREEDY 10:16.7 22:24.5
  game  4000 | eps 0.05 | train[6:6.5  10:6.0  14:7.4  18:4.2  22:4.8] | GREEDY 10:17.8 22:32.1
  game  4500 | eps 0.02 | train[6:12.3  10:11.7  14:13.4  18:12.6  22:10.2] | GREEDY 10:20.5 22:33.9
  game  5000 | eps 0.02 | train[6:13.0  10:11.7  14:14.7  18:13.6  22:13.9] | GREEDY 10:20.9 22:36.7
  game  5500 | eps 0.02 | train[6:12.3  10:16.4  14:13.9  18:14.7  22:13.6] | GREEDY 10:21.3 22:38.3
  game  6000 | eps 0.02 | train[6:12.9  10:14.4  14:15.4  18:11.1  22:14.6] | GREEDY 10:22.5 22:43.9
  best (g10+g22) 66.37

== curriculum ego (trained on 6..22) — zero-shot fine grid ==
board | toward-food% | avg score | max score | region
    6 |        88.5% |      14.7 |           | train
   10 |        93.3% |      21.8 |           | train
   14 |        93.0% |      31.3 |           | train
   18 |        94.4% |      34.8 |           | train
   22 |        93.9% |      42.5 |           | train
   32 |        95.6% |      46.1 |           | EXTRAP
   48 |        97.4% |      58.0 |           | EXTRAP
   64 |        98.0% |      66.5 |           | EXTRAP
  100 |        97.6% |      86.5 |           | EXTRAP
