== Training curriculum ego on sizes [10, 20] ==
  game   500 | eps 0.88 | train[10:0.3  20:0.5] | GREEDY 10:8.1 20:18.3
  game  1000 | eps 0.76 | train[10:0.9  20:1.3] | GREEDY 10:9.0 20:9.4
  game  1500 | eps 0.64 | train[10:1.2  20:1.2] | GREEDY 10:12.2 20:17.1
  game  2000 | eps 0.52 | train[10:1.6  20:1.7] | GREEDY 10:11.5 20:12.1
  game  2500 | eps 0.40 | train[10:1.7  20:2.0] | GREEDY 10:14.0 20:13.6
  game  3000 | eps 0.29 | train[10:2.6  20:2.4] | GREEDY 10:13.1 20:20.2
  game  3500 | eps 0.17 | train[10:3.9  20:2.8] | GREEDY 10:14.9 20:22.8
  game  4000 | eps 0.05 | train[10:7.6  20:5.6] | GREEDY 10:18.3 20:27.7
  game  4500 | eps 0.02 | train[10:14.0  20:11.9] | GREEDY 10:20.9 20:34.5
  game  5000 | eps 0.02 | train[10:13.9  20:11.1] | GREEDY 10:21.9 20:44.4
  game  5500 | eps 0.02 | train[10:15.5  20:13.3] | GREEDY 10:23.2 20:42.9
  game  6000 | eps 0.02 | train[10:15.8  20:13.0] | GREEDY 10:23.1 20:45.4
  best 68.47

== curriculum ego (trained on [10, 20]) — zero-shot fine grid ==
board | toward-food% | avg score | max score | region
    6 |        86.6% |      14.3 |           | train
   10 |        91.5% |      22.9 |           | train
   14 |        92.1% |      32.6 |           | train
   18 |        93.8% |      39.3 |           | train
   22 |        94.7% |      50.2 |           | train
   32 |        96.1% |      56.2 |           | EXTRAP
   48 |        97.2% |      65.8 |           | EXTRAP
   64 |        98.5% |      81.5 |           | EXTRAP
  100 |        97.7% |     111.0 |           | EXTRAP
