/Users/saheb/home/rl-snake/.venv/lib/python3.9/site-packages/urllib3/__init__.py:35: NotOpenSSLWarning: urllib3 v2 only supports OpenSSL 1.1.1+, currently the 'ssl' module is compiled with 'LibreSSL 2.8.3'. See: https://github.com/urllib3/urllib3/issues/3020
  warnings.warn(
wandb: [wandb.login()] Loaded credentials for https://api.wandb.ai from /Users/saheb/.netrc.
wandb: Currently logged in as: saheb37 to https://api.wandb.ai. Use `wandb login --relogin` to force relogin
wandb: setting up run rrwj2sk7
wandb: Tracking run with wandb version 0.26.0
wandb: Run data is saved locally in /Users/saheb/home/rl-snake/wandb/run-20260514_200159-rrwj2sk7
wandb: Run `wandb offline` to turn off syncing.
wandb: Syncing run ConvDQN_v3_10x10_dense_seed1
wandb: ⭐️ View project at https://wandb.ai/saheb37/rl-snake
wandb: 🚀 View run at https://wandb.ai/saheb37/rl-snake/runs/rrwj2sk7
ConvDQN v3 | 10×10 dense | γ=0.995 batch=512 calls/ep=10 lr=0.000126 n_steps=1 ε_end=0.01 ε_decay/step=9.43e-06
Game 100 | Score: 0 | Record: 1 | Mean: 0.13 | ε: 0.967 | Steps: 3,524
Game 200 | Score: 0 | Record: 2 | Mean: 0.21 | ε: 0.939 | Steps: 6,424
Game 300 | Score: 0 | Record: 2 | Mean: 0.22 | ε: 0.910 | Steps: 9,499
Game 400 | Score: 0 | Record: 2 | Mean: 0.22 | ε: 0.881 | Steps: 12,662
Game 500 | Score: 0 | Record: 2 | Mean: 0.25 | ε: 0.851 | Steps: 15,809
Game 600 | Score: 0 | Record: 2 | Mean: 0.29 | ε: 0.814 | Steps: 19,736
Game 700 | Score: 0 | Record: 2 | Mean: 0.33 | ε: 0.782 | Steps: 23,114
Game 800 | Score: 0 | Record: 3 | Mean: 0.37 | ε: 0.754 | Steps: 26,090
Game 900 | Score: 2 | Record: 3 | Mean: 0.41 | ε: 0.727 | Steps: 28,978
Game 1000 | Score: 0 | Record: 4 | Mean: 0.48 | ε: 0.695 | Steps: 32,394
Game 1100 | Score: 2 | Record: 4 | Mean: 0.54 | ε: 0.659 | Steps: 36,197
Game 1200 | Score: 0 | Record: 4 | Mean: 0.60 | ε: 0.626 | Steps: 39,644
Game 1300 | Score: 4 | Record: 4 | Mean: 0.67 | ε: 0.596 | Steps: 42,797
Game 1400 | Score: 3 | Record: 4 | Mean: 0.73 | ε: 0.568 | Steps: 45,835
Game 1500 | Score: 3 | Record: 4 | Mean: 0.79 | ε: 0.538 | Steps: 48,966
Game 1600 | Score: 2 | Record: 4 | Mean: 0.84 | ε: 0.513 | Steps: 51,603
Game 1700 | Score: 0 | Record: 4 | Mean: 0.89 | ε: 0.487 | Steps: 54,459
Game 1800 | Score: 2 | Record: 6 | Mean: 0.94 | ε: 0.461 | Steps: 57,141
Game 1900 | Score: 1 | Record: 6 | Mean: 0.98 | ε: 0.434 | Steps: 59,995
Game 2000 | Score: 2 | Record: 6 | Mean: 1.03 | ε: 0.407 | Steps: 62,918
Game 2100 | Score: 2 | Record: 6 | Mean: 1.09 | ε: 0.380 | Steps: 65,751
Game 2200 | Score: 2 | Record: 6 | Mean: 1.12 | ε: 0.358 | Steps: 68,119
Game 2300 | Score: 0 | Record: 6 | Mean: 1.16 | ε: 0.334 | Steps: 70,641
Game 2400 | Score: 2 | Record: 7 | Mean: 1.21 | ε: 0.308 | Steps: 73,401
Game 2500 | Score: 2 | Record: 7 | Mean: 1.26 | ε: 0.281 | Steps: 76,213
Game 2600 | Score: 2 | Record: 7 | Mean: 1.30 | ε: 0.258 | Steps: 78,737
Game 2700 | Score: 2 | Record: 7 | Mean: 1.35 | ε: 0.231 | Steps: 81,557
Game 2800 | Score: 2 | Record: 7 | Mean: 1.39 | ε: 0.206 | Steps: 84,163
Game 2900 | Score: 3 | Record: 9 | Mean: 1.44 | ε: 0.175 | Steps: 87,455
Game 3000 | Score: 4 | Record: 9 | Mean: 1.50 | ε: 0.145 | Steps: 90,637
Game 3100 | Score: 6 | Record: 9 | Mean: 1.57 | ε: 0.109 | Steps: 94,542
Game 3200 | Score: 3 | Record: 10 | Mean: 1.64 | ε: 0.068 | Steps: 98,807
Game 3300 | Score: 11 | Record: 16 | Mean: 1.82 | ε: 0.010 | Steps: 110,294
Game 3400 | Score: 4 | Record: 22 | Mean: 2.10 | ε: 0.010 | Steps: 127,285
Game 3500 | Score: 10 | Record: 23 | Mean: 2.37 | ε: 0.010 | Steps: 146,019
Game 3600 | Score: 10 | Record: 23 | Mean: 2.66 | ε: 0.010 | Steps: 164,408
Game 3700 | Score: 16 | Record: 26 | Mean: 2.95 | ε: 0.010 | Steps: 182,838
Game 3800 | Score: 18 | Record: 26 | Mean: 3.25 | ε: 0.010 | Steps: 203,660
Game 3900 | Score: 27 | Record: 27 | Mean: 3.53 | ε: 0.010 | Steps: 221,182
Game 4000 | Score: 17 | Record: 31 | Mean: 3.80 | ε: 0.010 | Steps: 242,051
Game 4100 | Score: 14 | Record: 31 | Mean: 4.07 | ε: 0.010 | Steps: 260,397
Game 4200 | Score: 25 | Record: 35 | Mean: 4.32 | ε: 0.010 | Steps: 281,449
Game 4300 | Score: 7 | Record: 35 | Mean: 4.53 | ε: 0.010 | Steps: 297,883
Game 4400 | Score: 33 | Record: 35 | Mean: 4.76 | ε: 0.010 | Steps: 317,805
Game 4500 | Score: 18 | Record: 35 | Mean: 4.96 | ε: 0.010 | Steps: 336,711
Game 4600 | Score: 11 | Record: 35 | Mean: 5.15 | ε: 0.010 | Steps: 354,689
Game 4700 | Score: 12 | Record: 35 | Mean: 5.35 | ε: 0.010 | Steps: 374,787
Game 4800 | Score: 11 | Record: 35 | Mean: 5.53 | ε: 0.010 | Steps: 393,603
Game 4900 | Score: 2 | Record: 35 | Mean: 5.69 | ε: 0.010 | Steps: 411,102
Game 5000 | Score: 20 | Record: 35 | Mean: 5.87 | ε: 0.010 | Steps: 431,031
Game 5100 | Score: 21 | Record: 35 | Mean: 6.05 | ε: 0.010 | Steps: 451,551
Game 5200 | Score: 20 | Record: 36 | Mean: 6.21 | ε: 0.010 | Steps: 468,832
Game 5300 | Score: 15 | Record: 37 | Mean: 6.39 | ε: 0.010 | Steps: 486,394
Game 5400 | Score: 25 | Record: 37 | Mean: 6.57 | ε: 0.010 | Steps: 504,704
Game 5500 | Score: 28 | Record: 38 | Mean: 6.73 | ε: 0.010 | Steps: 521,614
Game 5600 | Score: 1 | Record: 41 | Mean: 6.90 | ε: 0.010 | Steps: 539,088
Game 5700 | Score: 18 | Record: 41 | Mean: 7.08 | ε: 0.010 | Steps: 559,395
Game 5800 | Score: 16 | Record: 41 | Mean: 7.25 | ε: 0.010 | Steps: 577,991
Game 5900 | Score: 20 | Record: 41 | Mean: 7.41 | ε: 0.010 | Steps: 594,767
Game 6000 | Score: 17 | Record: 41 | Mean: 7.56 | ε: 0.010 | Steps: 611,513
Game 6100 | Score: 10 | Record: 41 | Mean: 7.70 | ε: 0.010 | Steps: 627,359
Game 6200 | Score: 15 | Record: 41 | Mean: 7.87 | ε: 0.010 | Steps: 645,002
Game 6300 | Score: 26 | Record: 41 | Mean: 8.02 | ε: 0.010 | Steps: 661,528
Game 6400 | Score: 22 | Record: 41 | Mean: 8.16 | ε: 0.010 | Steps: 678,130
Game 6500 | Score: 4 | Record: 41 | Mean: 8.33 | ε: 0.010 | Steps: 695,862
Game 6600 | Score: 31 | Record: 41 | Mean: 8.45 | ε: 0.010 | Steps: 711,436
Game 6700 | Score: 30 | Record: 41 | Mean: 8.62 | ε: 0.010 | Steps: 729,734
Game 6800 | Score: 10 | Record: 41 | Mean: 8.74 | ε: 0.010 | Steps: 744,952
Game 6900 | Score: 23 | Record: 41 | Mean: 8.89 | ε: 0.010 | Steps: 761,702
Game 7000 | Score: 37 | Record: 41 | Mean: 9.02 | ε: 0.010 | Steps: 777,985
Game 7100 | Score: 19 | Record: 41 | Mean: 9.14 | ε: 0.010 | Steps: 794,298
Game 7200 | Score: 18 | Record: 41 | Mean: 9.28 | ε: 0.010 | Steps: 811,820
Game 7300 | Score: 30 | Record: 42 | Mean: 9.42 | ε: 0.010 | Steps: 829,784
Game 7400 | Score: 18 | Record: 42 | Mean: 9.53 | ε: 0.010 | Steps: 845,623
Game 7500 | Score: 27 | Record: 42 | Mean: 9.65 | ε: 0.010 | Steps: 861,676
Game 7600 | Score: 24 | Record: 42 | Mean: 9.77 | ε: 0.010 | Steps: 878,233
Game 7700 | Score: 27 | Record: 42 | Mean: 9.90 | ε: 0.010 | Steps: 895,685
Game 7800 | Score: 20 | Record: 42 | Mean: 10.02 | ε: 0.010 | Steps: 912,672
Game 7900 | Score: 19 | Record: 42 | Mean: 10.14 | ε: 0.010 | Steps: 930,155
Game 8000 | Score: 22 | Record: 43 | Mean: 10.27 | ε: 0.010 | Steps: 947,520
Game 8100 | Score: 20 | Record: 43 | Mean: 10.38 | ε: 0.010 | Steps: 965,107
Game 8200 | Score: 4 | Record: 45 | Mean: 10.50 | ε: 0.010 | Steps: 981,941
Game 8300 | Score: 32 | Record: 45 | Mean: 10.61 | ε: 0.010 | Steps: 999,042
Game 8400 | Score: 13 | Record: 45 | Mean: 10.74 | ε: 0.010 | Steps: 1,017,788
Game 8500 | Score: 26 | Record: 45 | Mean: 10.85 | ε: 0.010 | Steps: 1,034,827
Game 8600 | Score: 14 | Record: 45 | Mean: 10.95 | ε: 0.010 | Steps: 1,051,086
Game 8700 | Score: 9 | Record: 45 | Mean: 11.04 | ε: 0.010 | Steps: 1,067,303
[Game 8750] LR cooldown → 1e-5
Game 8800 | Score: 24 | Record: 45 | Mean: 11.14 | ε: 0.010 | Steps: 1,084,191
Game 8900 | Score: 22 | Record: 45 | Mean: 11.23 | ε: 0.010 | Steps: 1,100,163
Game 9000 | Score: 27 | Record: 45 | Mean: 11.34 | ε: 0.010 | Steps: 1,118,484
Game 9100 | Score: 22 | Record: 45 | Mean: 11.45 | ε: 0.010 | Steps: 1,136,700
Game 9200 | Score: 6 | Record: 45 | Mean: 11.54 | ε: 0.010 | Steps: 1,153,971
Game 9300 | Score: 14 | Record: 45 | Mean: 11.63 | ε: 0.010 | Steps: 1,170,957
Game 9400 | Score: 27 | Record: 45 | Mean: 11.73 | ε: 0.010 | Steps: 1,188,792
Game 9500 | Score: 13 | Record: 47 | Mean: 11.83 | ε: 0.010 | Steps: 1,207,407
Game 9600 | Score: 20 | Record: 47 | Mean: 11.92 | ε: 0.010 | Steps: 1,224,522
Game 9700 | Score: 27 | Record: 47 | Mean: 12.02 | ε: 0.010 | Steps: 1,243,279
Game 9800 | Score: 14 | Record: 47 | Mean: 12.13 | ε: 0.010 | Steps: 1,262,851
Game 9900 | Score: 12 | Record: 47 | Mean: 12.21 | ε: 0.010 | Steps: 1,281,076
Game 10000 | Score: 31 | Record: 47 | Mean: 12.31 | ε: 0.010 | Steps: 1,300,424

Done. Best: 47, Final Mean: 12.31
wandb: updating run metadata
wandb: uploading config.yaml; uploading output.log; uploading wandb-summary.json
wandb: uploading config.yaml; uploading output.log
wandb: uploading history steps 99-99, summary, console lines 101-103
wandb: 
wandb: Run history:
wandb:     Epsilon █▇▇▆▅▄▃▂▂▂▁▁▁▁▁▁▁▁▁▁▁▁▁▁▁▁▁▁▁▁▁▁▁▁▁▁▁▁▁▁
wandb:        Game ▁▁▁▁▁▂▂▂▂▂▂▂▃▃▃▄▄▄▄▄▄▄▄▄▅▅▆▆▆▆▆▆▇▇▇▇▇▇██
wandb:  Mean_Score ▁▁▁▁▁▁▁▁▁▂▂▂▂▂▂▃▃▃▄▄▄▄▄▅▅▅▅▅▆▆▆▆▇▇▇█████
wandb:      Record ▁▁▁▁▁▁▁▁▁▁▂▂▂▂▂▃▄▆▆▆▇▇▇▇▇▇▇▇▇▇██████████
wandb:       Score ▁▁▁▂▁▁▁▁▁▁▂▂▃▄▄▆▂▄▃▅▆▄▄▄█▇▄▆▆▆▅▇▃▅▆▄▆▃▅▇
wandb: Total_Steps ▁▁▁▁▁▁▁▁▁▁▁▁▁▂▂▂▂▂▂▂▃▃▄▄▄▅▅▅▅▅▆▆▆▆▇▇▇▇██
wandb: 
wandb: Run summary:
wandb:     Epsilon 0.01
wandb:        Game 10000
wandb:  Mean_Score 12.3124
wandb:      Record 47
wandb:       Score 31
wandb: Total_Steps 1300424
wandb: 
wandb: 🚀 View run ConvDQN_v3_10x10_dense_seed1 at: https://wandb.ai/saheb37/rl-snake/runs/rrwj2sk7
wandb: ⭐️ View project at: https://wandb.ai/saheb37/rl-snake
wandb: Synced 5 W&B file(s), 0 media file(s), 0 artifact file(s) and 0 other file(s)
wandb: Find logs at: ./wandb/run-20260514_200159-rrwj2sk7/logs
