/Users/saheb/home/rl-snake/.venv/lib/python3.9/site-packages/urllib3/__init__.py:35: NotOpenSSLWarning: urllib3 v2 only supports OpenSSL 1.1.1+, currently the 'ssl' module is compiled with 'LibreSSL 2.8.3'. See: https://github.com/urllib3/urllib3/issues/3020
  warnings.warn(
wandb: [wandb.login()] Loaded credentials for https://api.wandb.ai from /Users/saheb/.netrc.
wandb: Currently logged in as: saheb37 to https://api.wandb.ai. Use `wandb login --relogin` to force relogin
wandb: setting up run jlalqc30
wandb: Tracking run with wandb version 0.26.0
wandb: Run data is saved locally in /Users/saheb/home/rl-snake/wandb/run-20260516_195358-jlalqc30
wandb: Run `wandb offline` to turn off syncing.
wandb: Syncing run ConvDQN_v3_16x16_dense_seed1
wandb: ⭐️ View project at https://wandb.ai/saheb37/rl-snake
wandb: 🚀 View run at https://wandb.ai/saheb37/rl-snake/runs/jlalqc30
ConvDQN v3 | 16×16 dense | γ=0.995 batch=512 calls/ep=10 lr=0.000126 n_steps=1 ε_end=0.01 ε_decay/step=2.30e-06
Game 100 | Score: 0 | Record: 2 | Mean: 0.18 | ε: 0.981 | Steps: 8,271
Game 200 | Score: 1 | Record: 2 | Mean: 0.21 | ε: 0.960 | Steps: 17,266
Game 300 | Score: 0 | Record: 2 | Mean: 0.23 | ε: 0.939 | Steps: 26,616
Game 400 | Score: 0 | Record: 2 | Mean: 0.24 | ε: 0.923 | Steps: 33,352
Game 500 | Score: 0 | Record: 2 | Mean: 0.25 | ε: 0.905 | Steps: 41,102
Game 600 | Score: 1 | Record: 2 | Mean: 0.26 | ε: 0.888 | Steps: 48,472
Game 700 | Score: 0 | Record: 2 | Mean: 0.27 | ε: 0.871 | Steps: 55,913
Game 800 | Score: 0 | Record: 2 | Mean: 0.29 | ε: 0.852 | Steps: 64,079
Game 900 | Score: 2 | Record: 3 | Mean: 0.32 | ε: 0.834 | Steps: 72,055
Game 1000 | Score: 1 | Record: 3 | Mean: 0.35 | ε: 0.817 | Steps: 79,643
Game 1100 | Score: 0 | Record: 3 | Mean: 0.38 | ε: 0.799 | Steps: 87,243
Game 1200 | Score: 1 | Record: 3 | Mean: 0.41 | ε: 0.782 | Steps: 94,639
Game 1300 | Score: 2 | Record: 3 | Mean: 0.44 | ε: 0.765 | Steps: 102,081
Game 1400 | Score: 2 | Record: 3 | Mean: 0.47 | ε: 0.748 | Steps: 109,576
Game 1500 | Score: 0 | Record: 3 | Mean: 0.51 | ε: 0.732 | Steps: 116,480
Game 1600 | Score: 0 | Record: 3 | Mean: 0.55 | ε: 0.717 | Steps: 122,938
Game 1700 | Score: 0 | Record: 3 | Mean: 0.59 | ε: 0.700 | Steps: 130,359
Game 1800 | Score: 1 | Record: 3 | Mean: 0.62 | ε: 0.686 | Steps: 136,541
Game 1900 | Score: 2 | Record: 3 | Mean: 0.65 | ε: 0.671 | Steps: 142,782
Game 2000 | Score: 2 | Record: 3 | Mean: 0.68 | ε: 0.657 | Steps: 148,907
Game 2100 | Score: 2 | Record: 3 | Mean: 0.72 | ε: 0.645 | Steps: 154,135
Game 2200 | Score: 1 | Record: 3 | Mean: 0.75 | ε: 0.631 | Steps: 160,166
Game 2300 | Score: 1 | Record: 3 | Mean: 0.78 | ε: 0.618 | Steps: 165,836
Game 2400 | Score: 1 | Record: 3 | Mean: 0.81 | ε: 0.606 | Steps: 171,326
Game 2500 | Score: 1 | Record: 4 | Mean: 0.83 | ε: 0.593 | Steps: 176,837
Game 2600 | Score: 1 | Record: 4 | Mean: 0.86 | ε: 0.581 | Steps: 182,131
Game 2700 | Score: 3 | Record: 4 | Mean: 0.88 | ε: 0.569 | Steps: 187,281
Game 2800 | Score: 2 | Record: 4 | Mean: 0.91 | ε: 0.557 | Steps: 192,622
Game 2900 | Score: 2 | Record: 4 | Mean: 0.93 | ε: 0.544 | Steps: 198,065
Game 3000 | Score: 2 | Record: 4 | Mean: 0.96 | ε: 0.532 | Steps: 203,200
Game 3100 | Score: 2 | Record: 4 | Mean: 0.98 | ε: 0.521 | Steps: 208,019
Game 3200 | Score: 2 | Record: 4 | Mean: 0.99 | ε: 0.510 | Steps: 212,745
Game 3300 | Score: 3 | Record: 5 | Mean: 1.02 | ε: 0.498 | Steps: 217,878
Game 3400 | Score: 3 | Record: 5 | Mean: 1.04 | ε: 0.487 | Steps: 222,727
Game 3500 | Score: 2 | Record: 5 | Mean: 1.06 | ε: 0.476 | Steps: 227,667
Game 3600 | Score: 2 | Record: 5 | Mean: 1.08 | ε: 0.465 | Steps: 232,468
Game 3700 | Score: 2 | Record: 5 | Mean: 1.10 | ε: 0.455 | Steps: 236,889
Game 3800 | Score: 0 | Record: 5 | Mean: 1.11 | ε: 0.444 | Steps: 241,481
Game 3900 | Score: 2 | Record: 5 | Mean: 1.13 | ε: 0.433 | Steps: 246,109
Game 4000 | Score: 2 | Record: 5 | Mean: 1.15 | ε: 0.424 | Steps: 250,288
Game 4100 | Score: 3 | Record: 5 | Mean: 1.16 | ε: 0.414 | Steps: 254,631
Game 4200 | Score: 1 | Record: 5 | Mean: 1.18 | ε: 0.403 | Steps: 259,213
Game 4300 | Score: 1 | Record: 5 | Mean: 1.19 | ε: 0.394 | Steps: 263,149
Game 4400 | Score: 2 | Record: 5 | Mean: 1.21 | ε: 0.384 | Steps: 267,736
Game 4500 | Score: 2 | Record: 5 | Mean: 1.23 | ε: 0.374 | Steps: 271,826
Game 4600 | Score: 2 | Record: 5 | Mean: 1.24 | ε: 0.364 | Steps: 276,142
Game 4700 | Score: 2 | Record: 5 | Mean: 1.25 | ε: 0.355 | Steps: 280,271
Game 4800 | Score: 2 | Record: 5 | Mean: 1.27 | ε: 0.345 | Steps: 284,472
Game 4900 | Score: 2 | Record: 5 | Mean: 1.29 | ε: 0.336 | Steps: 288,449
Game 5000 | Score: 2 | Record: 5 | Mean: 1.30 | ε: 0.326 | Steps: 292,885
Game 5100 | Score: 1 | Record: 5 | Mean: 1.32 | ε: 0.316 | Steps: 297,212
Game 5200 | Score: 1 | Record: 6 | Mean: 1.33 | ε: 0.306 | Steps: 301,602
Game 5300 | Score: 3 | Record: 6 | Mean: 1.35 | ε: 0.296 | Steps: 305,753
Game 5400 | Score: 2 | Record: 6 | Mean: 1.36 | ε: 0.287 | Steps: 309,681
Game 5500 | Score: 3 | Record: 7 | Mean: 1.37 | ε: 0.278 | Steps: 313,741
Game 5600 | Score: 0 | Record: 7 | Mean: 1.39 | ε: 0.268 | Steps: 317,877
Game 5700 | Score: 2 | Record: 7 | Mean: 1.40 | ε: 0.259 | Steps: 321,974
Game 5800 | Score: 4 | Record: 7 | Mean: 1.42 | ε: 0.249 | Steps: 326,290
Game 5900 | Score: 2 | Record: 7 | Mean: 1.43 | ε: 0.239 | Steps: 330,588
Game 6000 | Score: 2 | Record: 7 | Mean: 1.45 | ε: 0.229 | Steps: 334,938
Game 6100 | Score: 3 | Record: 7 | Mean: 1.47 | ε: 0.220 | Steps: 339,058
Game 6200 | Score: 1 | Record: 7 | Mean: 1.48 | ε: 0.210 | Steps: 343,234
Game 6300 | Score: 2 | Record: 7 | Mean: 1.50 | ε: 0.199 | Steps: 347,791
Game 6400 | Score: 3 | Record: 7 | Mean: 1.52 | ε: 0.190 | Steps: 352,100
Game 6500 | Score: 2 | Record: 7 | Mean: 1.53 | ε: 0.180 | Steps: 356,297
Game 6600 | Score: 4 | Record: 7 | Mean: 1.55 | ε: 0.170 | Steps: 360,708
Game 6700 | Score: 1 | Record: 7 | Mean: 1.57 | ε: 0.160 | Steps: 364,862
Game 6800 | Score: 4 | Record: 7 | Mean: 1.59 | ε: 0.149 | Steps: 369,584
Game 6900 | Score: 0 | Record: 7 | Mean: 1.61 | ε: 0.138 | Steps: 374,479
Game 7000 | Score: 3 | Record: 9 | Mean: 1.63 | ε: 0.127 | Steps: 379,459
Game 7100 | Score: 6 | Record: 9 | Mean: 1.66 | ε: 0.114 | Steps: 384,952
Game 7200 | Score: 5 | Record: 10 | Mean: 1.69 | ε: 0.100 | Steps: 391,081
Game 7300 | Score: 2 | Record: 10 | Mean: 1.72 | ε: 0.086 | Steps: 396,946
Game 7400 | Score: 9 | Record: 12 | Mean: 1.75 | ε: 0.070 | Steps: 403,919
Game 7500 | Score: 1 | Record: 12 | Mean: 1.79 | ε: 0.053 | Steps: 411,550
Game 7600 | Score: 2 | Record: 15 | Mean: 1.85 | ε: 0.025 | Steps: 423,514
Game 7700 | Score: 14 | Record: 23 | Mean: 1.96 | ε: 0.010 | Steps: 449,446
Game 7800 | Score: 5 | Record: 24 | Mean: 2.07 | ε: 0.010 | Steps: 475,725
Game 7900 | Score: 7 | Record: 28 | Mean: 2.19 | ε: 0.010 | Steps: 502,216
Game 8000 | Score: 14 | Record: 28 | Mean: 2.33 | ε: 0.010 | Steps: 531,382
Game 8100 | Score: 17 | Record: 32 | Mean: 2.46 | ε: 0.010 | Steps: 557,821
Game 8200 | Score: 6 | Record: 32 | Mean: 2.60 | ε: 0.010 | Steps: 583,084
Game 8300 | Score: 29 | Record: 32 | Mean: 2.75 | ε: 0.010 | Steps: 612,752
Game 8400 | Score: 25 | Record: 33 | Mean: 2.89 | ε: 0.010 | Steps: 639,428
Game 8500 | Score: 12 | Record: 37 | Mean: 3.04 | ε: 0.010 | Steps: 667,720
Game 8600 | Score: 17 | Record: 37 | Mean: 3.18 | ε: 0.010 | Steps: 691,832
Game 8700 | Score: 5 | Record: 37 | Mean: 3.32 | ε: 0.010 | Steps: 717,147
Game 8800 | Score: 2 | Record: 37 | Mean: 3.47 | ε: 0.010 | Steps: 744,349
Game 8900 | Score: 33 | Record: 37 | Mean: 3.66 | ε: 0.010 | Steps: 778,238
Game 9000 | Score: 8 | Record: 38 | Mean: 3.81 | ε: 0.010 | Steps: 805,047
Game 9100 | Score: 37 | Record: 46 | Mean: 3.99 | ε: 0.010 | Steps: 836,439
Game 9200 | Score: 26 | Record: 46 | Mean: 4.14 | ε: 0.010 | Steps: 864,386
Game 9300 | Score: 7 | Record: 46 | Mean: 4.28 | ε: 0.010 | Steps: 889,818
Game 9400 | Score: 5 | Record: 46 | Mean: 4.43 | ε: 0.010 | Steps: 916,719
Game 9500 | Score: 27 | Record: 49 | Mean: 4.61 | ε: 0.010 | Steps: 948,106
Game 9600 | Score: 15 | Record: 49 | Mean: 4.74 | ε: 0.010 | Steps: 972,885
Game 9700 | Score: 26 | Record: 49 | Mean: 4.89 | ε: 0.010 | Steps: 1,000,075
Game 9800 | Score: 21 | Record: 49 | Mean: 5.01 | ε: 0.010 | Steps: 1,023,589
Game 9900 | Score: 35 | Record: 49 | Mean: 5.14 | ε: 0.010 | Steps: 1,048,195
Game 10000 | Score: 11 | Record: 49 | Mean: 5.27 | ε: 0.010 | Steps: 1,073,245
Game 10100 | Score: 38 | Record: 49 | Mean: 5.41 | ε: 0.010 | Steps: 1,100,240
Game 10200 | Score: 43 | Record: 49 | Mean: 5.53 | ε: 0.010 | Steps: 1,122,843
Game 10300 | Score: 9 | Record: 49 | Mean: 5.65 | ε: 0.010 | Steps: 1,146,218
Game 10400 | Score: 30 | Record: 49 | Mean: 5.79 | ε: 0.010 | Steps: 1,174,537
Game 10500 | Score: 4 | Record: 49 | Mean: 5.92 | ε: 0.010 | Steps: 1,200,483
Game 10600 | Score: 10 | Record: 52 | Mean: 6.05 | ε: 0.010 | Steps: 1,225,554
Game 10700 | Score: 23 | Record: 52 | Mean: 6.19 | ε: 0.010 | Steps: 1,254,669
Game 10800 | Score: 25 | Record: 53 | Mean: 6.31 | ε: 0.010 | Steps: 1,280,205
Game 10900 | Score: 27 | Record: 53 | Mean: 6.45 | ε: 0.010 | Steps: 1,310,554
Game 11000 | Score: 36 | Record: 53 | Mean: 6.57 | ε: 0.010 | Steps: 1,335,657
Game 11100 | Score: 40 | Record: 53 | Mean: 6.68 | ε: 0.010 | Steps: 1,361,819
Game 11200 | Score: 8 | Record: 53 | Mean: 6.81 | ε: 0.010 | Steps: 1,389,523
Game 11300 | Score: 8 | Record: 54 | Mean: 6.90 | ε: 0.010 | Steps: 1,412,868
Game 11400 | Score: 6 | Record: 54 | Mean: 7.02 | ε: 0.010 | Steps: 1,440,237
Game 11500 | Score: 23 | Record: 54 | Mean: 7.11 | ε: 0.010 | Steps: 1,462,391
Game 11600 | Score: 38 | Record: 54 | Mean: 7.22 | ε: 0.010 | Steps: 1,488,048
Game 11700 | Score: 20 | Record: 54 | Mean: 7.33 | ε: 0.010 | Steps: 1,514,100
Game 11800 | Score: 5 | Record: 55 | Mean: 7.41 | ε: 0.010 | Steps: 1,537,065
Game 11900 | Score: 22 | Record: 55 | Mean: 7.52 | ε: 0.010 | Steps: 1,562,915
Game 12000 | Score: 32 | Record: 55 | Mean: 7.62 | ε: 0.010 | Steps: 1,590,003
Game 12100 | Score: 29 | Record: 55 | Mean: 7.74 | ε: 0.010 | Steps: 1,616,995
Game 12200 | Score: 7 | Record: 55 | Mean: 7.84 | ε: 0.010 | Steps: 1,644,163
Game 12300 | Score: 16 | Record: 55 | Mean: 7.95 | ε: 0.010 | Steps: 1,671,315
Game 12400 | Score: 33 | Record: 56 | Mean: 8.05 | ε: 0.010 | Steps: 1,697,911
Game 12500 | Score: 7 | Record: 56 | Mean: 8.15 | ε: 0.010 | Steps: 1,724,536
Game 12600 | Score: 32 | Record: 56 | Mean: 8.25 | ε: 0.010 | Steps: 1,751,998
Game 12700 | Score: 4 | Record: 56 | Mean: 8.36 | ε: 0.010 | Steps: 1,780,605
Game 12800 | Score: 39 | Record: 56 | Mean: 8.46 | ε: 0.010 | Steps: 1,808,149
Game 12900 | Score: 40 | Record: 56 | Mean: 8.56 | ε: 0.010 | Steps: 1,835,533
Game 13000 | Score: 28 | Record: 63 | Mean: 8.66 | ε: 0.010 | Steps: 1,864,635
Game 13100 | Score: 22 | Record: 63 | Mean: 8.75 | ε: 0.010 | Steps: 1,889,136
Game 13200 | Score: 29 | Record: 63 | Mean: 8.86 | ε: 0.010 | Steps: 1,921,041
Game 13300 | Score: 35 | Record: 63 | Mean: 8.94 | ε: 0.010 | Steps: 1,945,403
Game 13400 | Score: 43 | Record: 63 | Mean: 9.04 | ε: 0.010 | Steps: 1,973,244
Game 13500 | Score: 14 | Record: 63 | Mean: 9.12 | ε: 0.010 | Steps: 1,998,352
Game 13600 | Score: 23 | Record: 63 | Mean: 9.22 | ε: 0.010 | Steps: 2,027,509
Game 13700 | Score: 24 | Record: 63 | Mean: 9.31 | ε: 0.010 | Steps: 2,053,986
Game 13800 | Score: 9 | Record: 63 | Mean: 9.40 | ε: 0.010 | Steps: 2,081,003
Game 13900 | Score: 10 | Record: 63 | Mean: 9.48 | ε: 0.010 | Steps: 2,106,069
[Game 14000] LR cooldown → 1e-5
Game 14000 | Score: 23 | Record: 63 | Mean: 9.56 | ε: 0.010 | Steps: 2,132,183
Game 14100 | Score: 25 | Record: 63 | Mean: 9.64 | ε: 0.010 | Steps: 2,159,058
Game 14200 | Score: 29 | Record: 63 | Mean: 9.73 | ε: 0.010 | Steps: 2,187,871
Game 14300 | Score: 2 | Record: 63 | Mean: 9.81 | ε: 0.010 | Steps: 2,215,710
Game 14400 | Score: 45 | Record: 63 | Mean: 9.88 | ε: 0.010 | Steps: 2,240,151
Game 14500 | Score: 39 | Record: 63 | Mean: 9.96 | ε: 0.010 | Steps: 2,267,588
Game 14600 | Score: 33 | Record: 63 | Mean: 10.04 | ε: 0.010 | Steps: 2,295,401
Game 14700 | Score: 22 | Record: 63 | Mean: 10.11 | ε: 0.010 | Steps: 2,321,226
Game 14800 | Score: 7 | Record: 63 | Mean: 10.19 | ε: 0.010 | Steps: 2,348,639
Game 14900 | Score: 12 | Record: 63 | Mean: 10.28 | ε: 0.010 | Steps: 2,377,596
Game 15000 | Score: 43 | Record: 63 | Mean: 10.37 | ε: 0.010 | Steps: 2,407,852
Game 15100 | Score: 7 | Record: 63 | Mean: 10.45 | ε: 0.010 | Steps: 2,436,707
Game 15200 | Score: 37 | Record: 63 | Mean: 10.53 | ε: 0.010 | Steps: 2,466,628
Game 15300 | Score: 5 | Record: 63 | Mean: 10.60 | ε: 0.010 | Steps: 2,492,494
Game 15400 | Score: 26 | Record: 63 | Mean: 10.69 | ε: 0.010 | Steps: 2,524,286
Game 15500 | Score: 22 | Record: 63 | Mean: 10.76 | ε: 0.010 | Steps: 2,553,521
Game 15600 | Score: 25 | Record: 63 | Mean: 10.84 | ε: 0.010 | Steps: 2,582,215
Game 15700 | Score: 5 | Record: 63 | Mean: 10.90 | ε: 0.010 | Steps: 2,608,571
Game 15800 | Score: 6 | Record: 63 | Mean: 10.97 | ε: 0.010 | Steps: 2,637,059
Game 15900 | Score: 23 | Record: 63 | Mean: 11.03 | ε: 0.010 | Steps: 2,662,771
Game 16000 | Score: 56 | Record: 63 | Mean: 11.11 | ε: 0.010 | Steps: 2,693,509

Done. Best: 63, Final Mean: 11.11
wandb: updating run metadata
wandb: uploading output.log; uploading wandb-summary.json; uploading config.yaml
wandb: uploading output.log; uploading wandb-summary.json
wandb: uploading history steps 159-159, summary, console lines 161-163
wandb: 
wandb: Run history:
wandb:     Epsilon ███▇▇▇▆▆▆▆▅▅▅▄▄▃▃▃▃▃▂▂▁▁▁▁▁▁▁▁▁▁▁▁▁▁▁▁▁▁
wandb:        Game ▁▁▁▁▁▂▂▂▃▃▃▃▄▄▄▄▄▄▄▅▅▅▅▅▅▆▆▆▆▆▆▆▇▇▇▇▇▇▇█
wandb:  Mean_Score ▁▁▁▁▁▁▁▁▁▁▂▂▂▂▂▂▂▂▂▂▂▂▂▂▃▄▄▄▅▅▆▆▇▇▇▇▇▇▇█
wandb:      Record ▁▁▁▁▁▁▁▁▁▁▁▁▁▁▁▂▂▂▂▂▄▅▆▆▆▆▆▇▇▇▇▇████████
wandb:       Score ▁▁▁▁▁▁▁▁▁▁▁▁▁▁▁▂▂▂▆▅▁▅▅▃▅▂▂▅▇▅▂▇█▅▆▇▅█▇▅
wandb: Total_Steps ▁▁▁▁▁▁▁▂▂▂▂▂▂▂▂▂▂▂▃▃▃▃▃▃▄▄▄▄▄▅▅▆▆▆▆▇▇███
wandb: 
wandb: Run summary:
wandb:     Epsilon 0.01
wandb:        Game 16000
wandb:  Mean_Score 11.10794
wandb:      Record 63
wandb:       Score 56
wandb: Total_Steps 2693509
wandb: 
wandb: 🚀 View run ConvDQN_v3_16x16_dense_seed1 at: https://wandb.ai/saheb37/rl-snake/runs/jlalqc30
wandb: ⭐️ View project at: https://wandb.ai/saheb37/rl-snake
wandb: Synced 5 W&B file(s), 0 media file(s), 0 artifact file(s) and 0 other file(s)
wandb: Find logs at: ./wandb/run-20260516_195358-jlalqc30/logs
