/Users/saheb/home/rl-snake/.venv/lib/python3.9/site-packages/urllib3/__init__.py:35: NotOpenSSLWarning: urllib3 v2 only supports OpenSSL 1.1.1+, currently the 'ssl' module is compiled with 'LibreSSL 2.8.3'. See: https://github.com/urllib3/urllib3/issues/3020
  warnings.warn(
wandb: [wandb.login()] Loaded credentials for https://api.wandb.ai from /Users/saheb/.netrc.
wandb: Currently logged in as: saheb37 to https://api.wandb.ai. Use `wandb login --relogin` to force relogin
wandb: setting up run lhbnxvmg
wandb: Tracking run with wandb version 0.26.0
wandb: Run data is saved locally in /Users/saheb/home/rl-snake/wandb/run-20260517_100137-lhbnxvmg
wandb: Run `wandb offline` to turn off syncing.
wandb: Syncing run FeatureDQN_v2_16x16_dense_seed2
wandb: ⭐️ View project at https://wandb.ai/saheb37/rl-snake
wandb: 🚀 View run at https://wandb.ai/saheb37/rl-snake/runs/lhbnxvmg
Starting Baseline DQN Training (Dueling + 3-Step) on 16x16 Board...
Game 100 | Score: 0 | Record: 3 | Mean Score: 0.16 | Epsilon: 0.99 | Intrinsic: 0.000 | BufTerm: 0.185 | SampTerm: 0.168 | Oversample: 0.91x
[coverage] Game 100 | unique_states_cumulative: 1851/65536 (2.8%) | last100_unique: 1851
Game 200 | Score: 0 | Record: 3 | Mean Score: 0.10 | Epsilon: 0.98 | Intrinsic: 0.000 | BufTerm: 0.196 | SampTerm: 0.160 | Oversample: 0.81x
[coverage] Game 200 | unique_states_cumulative: 3283/65536 (5.0%) | last100_unique: 1566
Game 300 | Score: 0 | Record: 3 | Mean Score: 0.10 | Epsilon: 0.96 | Intrinsic: 0.000 | BufTerm: 0.191 | SampTerm: 0.149 | Oversample: 0.78x
[coverage] Game 300 | unique_states_cumulative: 4668/65536 (7.1%) | last100_unique: 1770
Game 400 | Score: 0 | Record: 3 | Mean Score: 0.10 | Epsilon: 0.95 | Intrinsic: 0.000 | BufTerm: 0.197 | SampTerm: 0.152 | Oversample: 0.77x
[coverage] Game 400 | unique_states_cumulative: 5940/65536 (9.1%) | last100_unique: 1619
Game 500 | Score: 0 | Record: 3 | Mean Score: 0.09 | Epsilon: 0.94 | Intrinsic: 0.000 | BufTerm: 0.200 | SampTerm: 0.179 | Oversample: 0.90x
[coverage] Game 500 | unique_states_cumulative: 7046/65536 (10.8%) | last100_unique: 1621
Game 600 | Score: 0 | Record: 3 | Mean Score: 0.09 | Epsilon: 0.93 | Intrinsic: 0.000 | BufTerm: 0.204 | SampTerm: 0.151 | Oversample: 0.74x
[coverage] Game 600 | unique_states_cumulative: 7980/65536 (12.2%) | last100_unique: 1515
Game 700 | Score: 2 | Record: 3 | Mean Score: 0.09 | Epsilon: 0.91 | Intrinsic: 0.000 | BufTerm: 0.209 | SampTerm: 0.151 | Oversample: 0.72x
[coverage] Game 700 | unique_states_cumulative: 8855/65536 (13.5%) | last100_unique: 1435
Game 800 | Score: 0 | Record: 4 | Mean Score: 0.09 | Epsilon: 0.90 | Intrinsic: 0.000 | BufTerm: 0.211 | SampTerm: 0.163 | Oversample: 0.77x
[coverage] Game 800 | unique_states_cumulative: 9616/65536 (14.7%) | last100_unique: 1499
Game 900 | Score: 0 | Record: 4 | Mean Score: 0.08 | Epsilon: 0.89 | Intrinsic: 0.000 | BufTerm: 0.213 | SampTerm: 0.183 | Oversample: 0.86x
[coverage] Game 900 | unique_states_cumulative: 10416/65536 (15.9%) | last100_unique: 1467
Game 1000 | Score: 0 | Record: 4 | Mean Score: 0.08 | Epsilon: 0.88 | Intrinsic: 0.000 | BufTerm: 0.214 | SampTerm: 0.197 | Oversample: 0.92x
[coverage] Game 1000 | unique_states_cumulative: 11247/65536 (17.2%) | last100_unique: 1589
Game 1100 | Score: 0 | Record: 4 | Mean Score: 0.08 | Epsilon: 0.87 | Intrinsic: 0.000 | BufTerm: 0.216 | SampTerm: 0.197 | Oversample: 0.91x
[coverage] Game 1100 | unique_states_cumulative: 11850/65536 (18.1%) | last100_unique: 1427
Game 1200 | Score: 0 | Record: 4 | Mean Score: 0.08 | Epsilon: 0.85 | Intrinsic: 0.000 | BufTerm: 0.218 | SampTerm: 0.161 | Oversample: 0.74x
[coverage] Game 1200 | unique_states_cumulative: 12496/65536 (19.1%) | last100_unique: 1479
Game 1300 | Score: 0 | Record: 4 | Mean Score: 0.07 | Epsilon: 0.84 | Intrinsic: 0.000 | BufTerm: 0.220 | SampTerm: 0.160 | Oversample: 0.73x
[coverage] Game 1300 | unique_states_cumulative: 13087/65536 (20.0%) | last100_unique: 1484
Game 1400 | Score: 0 | Record: 4 | Mean Score: 0.08 | Epsilon: 0.83 | Intrinsic: 0.000 | BufTerm: 0.221 | SampTerm: 0.159 | Oversample: 0.72x
[coverage] Game 1400 | unique_states_cumulative: 13633/65536 (20.8%) | last100_unique: 1510
Game 1500 | Score: 0 | Record: 4 | Mean Score: 0.08 | Epsilon: 0.82 | Intrinsic: 0.000 | BufTerm: 0.221 | SampTerm: 0.156 | Oversample: 0.70x
[coverage] Game 1500 | unique_states_cumulative: 14164/65536 (21.6%) | last100_unique: 1564
Game 1600 | Score: 0 | Record: 4 | Mean Score: 0.09 | Epsilon: 0.80 | Intrinsic: 0.000 | BufTerm: 0.221 | SampTerm: 0.141 | Oversample: 0.64x
[coverage] Game 1600 | unique_states_cumulative: 14830/65536 (22.6%) | last100_unique: 1641
Game 1700 | Score: 1 | Record: 4 | Mean Score: 0.09 | Epsilon: 0.79 | Intrinsic: 0.000 | BufTerm: 0.222 | SampTerm: 0.156 | Oversample: 0.70x
[coverage] Game 1700 | unique_states_cumulative: 15395/65536 (23.5%) | last100_unique: 1554
Game 1800 | Score: 0 | Record: 4 | Mean Score: 0.09 | Epsilon: 0.78 | Intrinsic: 0.000 | BufTerm: 0.221 | SampTerm: 0.156 | Oversample: 0.71x
[coverage] Game 1800 | unique_states_cumulative: 16145/65536 (24.6%) | last100_unique: 1793
Game 1900 | Score: 0 | Record: 4 | Mean Score: 0.09 | Epsilon: 0.77 | Intrinsic: 0.000 | BufTerm: 0.222 | SampTerm: 0.172 | Oversample: 0.77x
[coverage] Game 1900 | unique_states_cumulative: 16529/65536 (25.2%) | last100_unique: 1365
Game 2000 | Score: 0 | Record: 4 | Mean Score: 0.09 | Epsilon: 0.76 | Intrinsic: 0.000 | BufTerm: 0.224 | SampTerm: 0.176 | Oversample: 0.79x
[coverage] Game 2000 | unique_states_cumulative: 16897/65536 (25.8%) | last100_unique: 1473
Game 2100 | Score: 0 | Record: 4 | Mean Score: 0.09 | Epsilon: 0.74 | Intrinsic: 0.000 | BufTerm: 0.226 | SampTerm: 0.168 | Oversample: 0.74x
[coverage] Game 2100 | unique_states_cumulative: 17170/65536 (26.2%) | last100_unique: 1210
Game 2200 | Score: 0 | Record: 4 | Mean Score: 0.10 | Epsilon: 0.73 | Intrinsic: 0.000 | BufTerm: 0.227 | SampTerm: 0.173 | Oversample: 0.76x
[coverage] Game 2200 | unique_states_cumulative: 17593/65536 (26.8%) | last100_unique: 1545
Game 2300 | Score: 0 | Record: 4 | Mean Score: 0.10 | Epsilon: 0.72 | Intrinsic: 0.000 | BufTerm: 0.228 | SampTerm: 0.181 | Oversample: 0.80x
[coverage] Game 2300 | unique_states_cumulative: 18034/65536 (27.5%) | last100_unique: 1510
Game 2400 | Score: 0 | Record: 4 | Mean Score: 0.10 | Epsilon: 0.71 | Intrinsic: 0.000 | BufTerm: 0.227 | SampTerm: 0.196 | Oversample: 0.86x
[coverage] Game 2400 | unique_states_cumulative: 18646/65536 (28.5%) | last100_unique: 1757
Game 2500 | Score: 0 | Record: 4 | Mean Score: 0.11 | Epsilon: 0.69 | Intrinsic: 0.000 | BufTerm: 0.227 | SampTerm: 0.181 | Oversample: 0.80x
[coverage] Game 2500 | unique_states_cumulative: 19049/65536 (29.1%) | last100_unique: 1542
Game 2600 | Score: 0 | Record: 4 | Mean Score: 0.11 | Epsilon: 0.68 | Intrinsic: 0.000 | BufTerm: 0.228 | SampTerm: 0.195 | Oversample: 0.86x
[coverage] Game 2600 | unique_states_cumulative: 19443/65536 (29.7%) | last100_unique: 1510
Game 2700 | Score: 0 | Record: 4 | Mean Score: 0.12 | Epsilon: 0.67 | Intrinsic: 0.000 | BufTerm: 0.227 | SampTerm: 0.169 | Oversample: 0.75x
[coverage] Game 2700 | unique_states_cumulative: 19964/65536 (30.5%) | last100_unique: 1720
Game 2800 | Score: 0 | Record: 4 | Mean Score: 0.12 | Epsilon: 0.66 | Intrinsic: 0.000 | BufTerm: 0.228 | SampTerm: 0.169 | Oversample: 0.74x
[coverage] Game 2800 | unique_states_cumulative: 20199/65536 (30.8%) | last100_unique: 1376
Game 2900 | Score: 0 | Record: 4 | Mean Score: 0.13 | Epsilon: 0.64 | Intrinsic: 0.000 | BufTerm: 0.228 | SampTerm: 0.197 | Oversample: 0.87x
[coverage] Game 2900 | unique_states_cumulative: 20702/65536 (31.6%) | last100_unique: 1723
Game 3000 | Score: 4 | Record: 6 | Mean Score: 0.14 | Epsilon: 0.63 | Intrinsic: 0.000 | BufTerm: 0.226 | SampTerm: 0.171 | Oversample: 0.75x
[coverage] Game 3000 | unique_states_cumulative: 21399/65536 (32.7%) | last100_unique: 2020
Game 3100 | Score: 0 | Record: 6 | Mean Score: 0.14 | Epsilon: 0.62 | Intrinsic: 0.000 | BufTerm: 0.227 | SampTerm: 0.203 | Oversample: 0.89x
[coverage] Game 3100 | unique_states_cumulative: 21722/65536 (33.1%) | last100_unique: 1482
Game 3200 | Score: 0 | Record: 6 | Mean Score: 0.14 | Epsilon: 0.61 | Intrinsic: 0.000 | BufTerm: 0.228 | SampTerm: 0.171 | Oversample: 0.75x
[coverage] Game 3200 | unique_states_cumulative: 22072/65536 (33.7%) | last100_unique: 1477
Game 3300 | Score: 0 | Record: 6 | Mean Score: 0.15 | Epsilon: 0.60 | Intrinsic: 0.000 | BufTerm: 0.228 | SampTerm: 0.168 | Oversample: 0.74x
[coverage] Game 3300 | unique_states_cumulative: 22436/65536 (34.2%) | last100_unique: 1579
Game 3400 | Score: 1 | Record: 6 | Mean Score: 0.15 | Epsilon: 0.58 | Intrinsic: 0.000 | BufTerm: 0.229 | SampTerm: 0.192 | Oversample: 0.84x
[coverage] Game 3400 | unique_states_cumulative: 22722/65536 (34.7%) | last100_unique: 1498
Game 3500 | Score: 0 | Record: 6 | Mean Score: 0.16 | Epsilon: 0.57 | Intrinsic: 0.000 | BufTerm: 0.229 | SampTerm: 0.203 | Oversample: 0.88x
[coverage] Game 3500 | unique_states_cumulative: 23154/65536 (35.3%) | last100_unique: 1641
Game 3600 | Score: 0 | Record: 6 | Mean Score: 0.17 | Epsilon: 0.56 | Intrinsic: 0.000 | BufTerm: 0.228 | SampTerm: 0.192 | Oversample: 0.84x
[coverage] Game 3600 | unique_states_cumulative: 23814/65536 (36.3%) | last100_unique: 2004
Game 3700 | Score: 0 | Record: 6 | Mean Score: 0.18 | Epsilon: 0.55 | Intrinsic: 0.000 | BufTerm: 0.227 | SampTerm: 0.184 | Oversample: 0.81x
[coverage] Game 3700 | unique_states_cumulative: 24447/65536 (37.3%) | last100_unique: 2060
Game 3800 | Score: 2 | Record: 6 | Mean Score: 0.19 | Epsilon: 0.53 | Intrinsic: 0.000 | BufTerm: 0.227 | SampTerm: 0.201 | Oversample: 0.89x
[coverage] Game 3800 | unique_states_cumulative: 24827/65536 (37.9%) | last100_unique: 1643
Game 3900 | Score: 0 | Record: 6 | Mean Score: 0.19 | Epsilon: 0.52 | Intrinsic: 0.000 | BufTerm: 0.227 | SampTerm: 0.197 | Oversample: 0.87x
[coverage] Game 3900 | unique_states_cumulative: 25151/65536 (38.4%) | last100_unique: 1541
Game 4000 | Score: 0 | Record: 6 | Mean Score: 0.20 | Epsilon: 0.51 | Intrinsic: 0.000 | BufTerm: 0.226 | SampTerm: 0.176 | Oversample: 0.78x
[coverage] Game 4000 | unique_states_cumulative: 25633/65536 (39.1%) | last100_unique: 1982
Game 4100 | Score: 0 | Record: 6 | Mean Score: 0.22 | Epsilon: 0.50 | Intrinsic: 0.000 | BufTerm: 0.225 | SampTerm: 0.177 | Oversample: 0.79x
[coverage] Game 4100 | unique_states_cumulative: 26216/65536 (40.0%) | last100_unique: 2164
Game 4200 | Score: 0 | Record: 7 | Mean Score: 0.23 | Epsilon: 0.49 | Intrinsic: 0.000 | BufTerm: 0.223 | SampTerm: 0.189 | Oversample: 0.85x
[coverage] Game 4200 | unique_states_cumulative: 26855/65536 (41.0%) | last100_unique: 2343
Game 4300 | Score: 4 | Record: 7 | Mean Score: 0.24 | Epsilon: 0.47 | Intrinsic: 0.000 | BufTerm: 0.223 | SampTerm: 0.195 | Oversample: 0.87x
[coverage] Game 4300 | unique_states_cumulative: 27478/65536 (41.9%) | last100_unique: 2143
Game 4400 | Score: 0 | Record: 7 | Mean Score: 0.26 | Epsilon: 0.46 | Intrinsic: 0.000 | BufTerm: 0.222 | SampTerm: 0.177 | Oversample: 0.80x
[coverage] Game 4400 | unique_states_cumulative: 27939/65536 (42.6%) | last100_unique: 2101
Game 4500 | Score: 0 | Record: 7 | Mean Score: 0.27 | Epsilon: 0.45 | Intrinsic: 0.000 | BufTerm: 0.222 | SampTerm: 0.179 | Oversample: 0.81x
[coverage] Game 4500 | unique_states_cumulative: 28417/65536 (43.4%) | last100_unique: 2097
Game 4600 | Score: 0 | Record: 8 | Mean Score: 0.28 | Epsilon: 0.44 | Intrinsic: 0.000 | BufTerm: 0.221 | SampTerm: 0.171 | Oversample: 0.77x
[coverage] Game 4600 | unique_states_cumulative: 28976/65536 (44.2%) | last100_unique: 2261
Game 4700 | Score: 0 | Record: 8 | Mean Score: 0.30 | Epsilon: 0.42 | Intrinsic: 0.000 | BufTerm: 0.220 | SampTerm: 0.193 | Oversample: 0.88x
[coverage] Game 4700 | unique_states_cumulative: 29719/65536 (45.3%) | last100_unique: 2614
Game 4800 | Score: 0 | Record: 10 | Mean Score: 0.32 | Epsilon: 0.41 | Intrinsic: 0.000 | BufTerm: 0.217 | SampTerm: 0.184 | Oversample: 0.85x
[coverage] Game 4800 | unique_states_cumulative: 30456/65536 (46.5%) | last100_unique: 2936
Game 4900 | Score: 0 | Record: 10 | Mean Score: 0.34 | Epsilon: 0.40 | Intrinsic: 0.000 | BufTerm: 0.216 | SampTerm: 0.189 | Oversample: 0.88x
[coverage] Game 4900 | unique_states_cumulative: 31052/65536 (47.4%) | last100_unique: 2413
Game 5000 | Score: 1 | Record: 10 | Mean Score: 0.36 | Epsilon: 0.39 | Intrinsic: 0.000 | BufTerm: 0.212 | SampTerm: 0.192 | Oversample: 0.90x
[coverage] Game 5000 | unique_states_cumulative: 31850/65536 (48.6%) | last100_unique: 2954
Game 5100 | Score: 7 | Record: 10 | Mean Score: 0.38 | Epsilon: 0.38 | Intrinsic: 0.000 | BufTerm: 0.208 | SampTerm: 0.177 | Oversample: 0.85x
[coverage] Game 5100 | unique_states_cumulative: 32558/65536 (49.7%) | last100_unique: 3126
Game 5200 | Score: 1 | Record: 12 | Mean Score: 0.41 | Epsilon: 0.36 | Intrinsic: 0.000 | BufTerm: 0.205 | SampTerm: 0.209 | Oversample: 1.02x
[coverage] Game 5200 | unique_states_cumulative: 33346/65536 (50.9%) | last100_unique: 3215
Game 5300 | Score: 5 | Record: 12 | Mean Score: 0.44 | Epsilon: 0.35 | Intrinsic: 0.000 | BufTerm: 0.201 | SampTerm: 0.205 | Oversample: 1.02x
[coverage] Game 5300 | unique_states_cumulative: 33936/65536 (51.8%) | last100_unique: 2838
Game 5400 | Score: 0 | Record: 12 | Mean Score: 0.46 | Epsilon: 0.34 | Intrinsic: 0.000 | BufTerm: 0.197 | SampTerm: 0.191 | Oversample: 0.97x
[coverage] Game 5400 | unique_states_cumulative: 34576/65536 (52.8%) | last100_unique: 2989
Game 5500 | Score: 0 | Record: 12 | Mean Score: 0.48 | Epsilon: 0.33 | Intrinsic: 0.000 | BufTerm: 0.194 | SampTerm: 0.177 | Oversample: 0.91x
[coverage] Game 5500 | unique_states_cumulative: 35153/65536 (53.6%) | last100_unique: 3051
Game 5600 | Score: 0 | Record: 12 | Mean Score: 0.51 | Epsilon: 0.31 | Intrinsic: 0.000 | BufTerm: 0.192 | SampTerm: 0.168 | Oversample: 0.88x
[coverage] Game 5600 | unique_states_cumulative: 35762/65536 (54.6%) | last100_unique: 2976
Game 5700 | Score: 0 | Record: 12 | Mean Score: 0.53 | Epsilon: 0.30 | Intrinsic: 0.000 | BufTerm: 0.188 | SampTerm: 0.167 | Oversample: 0.89x
[coverage] Game 5700 | unique_states_cumulative: 36359/65536 (55.5%) | last100_unique: 2937
Game 5800 | Score: 6 | Record: 12 | Mean Score: 0.54 | Epsilon: 0.29 | Intrinsic: 0.000 | BufTerm: 0.185 | SampTerm: 0.163 | Oversample: 0.88x
[coverage] Game 5800 | unique_states_cumulative: 36964/65536 (56.4%) | last100_unique: 2557
Game 5900 | Score: 2 | Record: 13 | Mean Score: 0.56 | Epsilon: 0.28 | Intrinsic: 0.000 | BufTerm: 0.183 | SampTerm: 0.181 | Oversample: 0.99x
[coverage] Game 5900 | unique_states_cumulative: 37447/65536 (57.1%) | last100_unique: 2611
Game 6000 | Score: 13 | Record: 13 | Mean Score: 0.59 | Epsilon: 0.27 | Intrinsic: 0.000 | BufTerm: 0.178 | SampTerm: 0.161 | Oversample: 0.91x
[coverage] Game 6000 | unique_states_cumulative: 38230/65536 (58.3%) | last100_unique: 3687
Game 6100 | Score: 4 | Record: 15 | Mean Score: 0.61 | Epsilon: 0.25 | Intrinsic: 0.000 | BufTerm: 0.174 | SampTerm: 0.156 | Oversample: 0.90x
[coverage] Game 6100 | unique_states_cumulative: 38830/65536 (59.2%) | last100_unique: 3387
Game 6200 | Score: 0 | Record: 15 | Mean Score: 0.64 | Epsilon: 0.24 | Intrinsic: 0.000 | BufTerm: 0.169 | SampTerm: 0.183 | Oversample: 1.08x
[coverage] Game 6200 | unique_states_cumulative: 39439/65536 (60.2%) | last100_unique: 3245
Game 6300 | Score: 0 | Record: 16 | Mean Score: 0.68 | Epsilon: 0.23 | Intrinsic: 0.000 | BufTerm: 0.162 | SampTerm: 0.196 | Oversample: 1.21x
[coverage] Game 6300 | unique_states_cumulative: 40423/65536 (61.7%) | last100_unique: 4934
Game 6400 | Score: 0 | Record: 16 | Mean Score: 0.70 | Epsilon: 0.22 | Intrinsic: 0.000 | BufTerm: 0.156 | SampTerm: 0.152 | Oversample: 0.97x
[coverage] Game 6400 | unique_states_cumulative: 40978/65536 (62.5%) | last100_unique: 3563
Game 6500 | Score: 1 | Record: 19 | Mean Score: 0.73 | Epsilon: 0.20 | Intrinsic: 0.000 | BufTerm: 0.151 | SampTerm: 0.157 | Oversample: 1.04x
[coverage] Game 6500 | unique_states_cumulative: 41514/65536 (63.3%) | last100_unique: 3576
Game 6600 | Score: 2 | Record: 19 | Mean Score: 0.77 | Epsilon: 0.19 | Intrinsic: 0.000 | BufTerm: 0.146 | SampTerm: 0.153 | Oversample: 1.05x
[coverage] Game 6600 | unique_states_cumulative: 42305/65536 (64.6%) | last100_unique: 4531
Game 6700 | Score: 3 | Record: 19 | Mean Score: 0.80 | Epsilon: 0.18 | Intrinsic: 0.000 | BufTerm: 0.139 | SampTerm: 0.175 | Oversample: 1.26x
[coverage] Game 6700 | unique_states_cumulative: 42950/65536 (65.5%) | last100_unique: 4284
Game 6800 | Score: 4 | Record: 19 | Mean Score: 0.84 | Epsilon: 0.17 | Intrinsic: 0.000 | BufTerm: 0.133 | SampTerm: 0.151 | Oversample: 1.13x
[coverage] Game 6800 | unique_states_cumulative: 43687/65536 (66.7%) | last100_unique: 4738
Game 6900 | Score: 0 | Record: 19 | Mean Score: 0.86 | Epsilon: 0.15 | Intrinsic: 0.000 | BufTerm: 0.131 | SampTerm: 0.151 | Oversample: 1.15x
[coverage] Game 6900 | unique_states_cumulative: 44106/65536 (67.3%) | last100_unique: 3405
Game 7000 | Score: 6 | Record: 19 | Mean Score: 0.91 | Epsilon: 0.14 | Intrinsic: 0.000 | BufTerm: 0.125 | SampTerm: 0.141 | Oversample: 1.13x
[coverage] Game 7000 | unique_states_cumulative: 44880/65536 (68.5%) | last100_unique: 5360
Game 7100 | Score: 19 | Record: 28 | Mean Score: 0.96 | Epsilon: 0.13 | Intrinsic: 0.000 | BufTerm: 0.118 | SampTerm: 0.119 | Oversample: 1.01x
[coverage] Game 7100 | unique_states_cumulative: 45665/65536 (69.7%) | last100_unique: 5886
Game 7200 | Score: 0 | Record: 28 | Mean Score: 1.01 | Epsilon: 0.12 | Intrinsic: 0.000 | BufTerm: 0.113 | SampTerm: 0.155 | Oversample: 1.37x
[coverage] Game 7200 | unique_states_cumulative: 46394/65536 (70.8%) | last100_unique: 5647
Game 7300 | Score: 10 | Record: 28 | Mean Score: 1.06 | Epsilon: 0.11 | Intrinsic: 0.000 | BufTerm: 0.109 | SampTerm: 0.143 | Oversample: 1.31x
[coverage] Game 7300 | unique_states_cumulative: 47046/65536 (71.8%) | last100_unique: 5453
Game 7400 | Score: 6 | Record: 28 | Mean Score: 1.12 | Epsilon: 0.09 | Intrinsic: 0.000 | BufTerm: 0.103 | SampTerm: 0.145 | Oversample: 1.41x
[coverage] Game 7400 | unique_states_cumulative: 47836/65536 (73.0%) | last100_unique: 6544
Game 7500 | Score: 28 | Record: 30 | Mean Score: 1.17 | Epsilon: 0.08 | Intrinsic: 0.000 | BufTerm: 0.099 | SampTerm: 0.145 | Oversample: 1.47x
[coverage] Game 7500 | unique_states_cumulative: 48517/65536 (74.0%) | last100_unique: 5835
Game 7600 | Score: 0 | Record: 33 | Mean Score: 1.24 | Epsilon: 0.07 | Intrinsic: 0.000 | BufTerm: 0.090 | SampTerm: 0.117 | Oversample: 1.30x
[coverage] Game 7600 | unique_states_cumulative: 49304/65536 (75.2%) | last100_unique: 7426
Game 7700 | Score: 0 | Record: 33 | Mean Score: 1.31 | Epsilon: 0.06 | Intrinsic: 0.000 | BufTerm: 0.084 | SampTerm: 0.104 | Oversample: 1.24x
[coverage] Game 7700 | unique_states_cumulative: 50009/65536 (76.3%) | last100_unique: 7104
Game 7800 | Score: 14 | Record: 33 | Mean Score: 1.38 | Epsilon: 0.04 | Intrinsic: 0.000 | BufTerm: 0.078 | SampTerm: 0.111 | Oversample: 1.42x
[coverage] Game 7800 | unique_states_cumulative: 50686/65536 (77.3%) | last100_unique: 7183
Game 7900 | Score: 5 | Record: 35 | Mean Score: 1.47 | Epsilon: 0.03 | Intrinsic: 0.000 | BufTerm: 0.072 | SampTerm: 0.097 | Oversample: 1.36x
[coverage] Game 7900 | unique_states_cumulative: 51522/65536 (78.6%) | last100_unique: 8861
Game 8000 | Score: 0 | Record: 40 | Mean Score: 1.57 | Epsilon: 0.02 | Intrinsic: 0.000 | BufTerm: 0.065 | SampTerm: 0.104 | Oversample: 1.60x
[coverage] Game 8000 | unique_states_cumulative: 52335/65536 (79.9%) | last100_unique: 8927
Game 8100 | Score: 0 | Record: 40 | Mean Score: 1.65 | Epsilon: 0.02 | Intrinsic: 0.000 | BufTerm: 0.059 | SampTerm: 0.076 | Oversample: 1.28x
[coverage] Game 8100 | unique_states_cumulative: 52993/65536 (80.9%) | last100_unique: 8437
Game 8200 | Score: 23 | Record: 40 | Mean Score: 1.73 | Epsilon: 0.02 | Intrinsic: 0.000 | BufTerm: 0.057 | SampTerm: 0.087 | Oversample: 1.51x
[coverage] Game 8200 | unique_states_cumulative: 53630/65536 (81.8%) | last100_unique: 7995
Game 8300 | Score: 0 | Record: 43 | Mean Score: 1.82 | Epsilon: 0.02 | Intrinsic: 0.000 | BufTerm: 0.053 | SampTerm: 0.088 | Oversample: 1.65x
[coverage] Game 8300 | unique_states_cumulative: 54302/65536 (82.9%) | last100_unique: 9159
Game 8400 | Score: 0 | Record: 43 | Mean Score: 1.90 | Epsilon: 0.02 | Intrinsic: 0.000 | BufTerm: 0.051 | SampTerm: 0.080 | Oversample: 1.58x
[coverage] Game 8400 | unique_states_cumulative: 54874/65536 (83.7%) | last100_unique: 8781
Game 8500 | Score: 24 | Record: 43 | Mean Score: 2.00 | Epsilon: 0.02 | Intrinsic: 0.000 | BufTerm: 0.048 | SampTerm: 0.073 | Oversample: 1.54x
[coverage] Game 8500 | unique_states_cumulative: 55489/65536 (84.7%) | last100_unique: 9392
Game 8600 | Score: 19 | Record: 43 | Mean Score: 2.07 | Epsilon: 0.02 | Intrinsic: 0.000 | BufTerm: 0.046 | SampTerm: 0.057 | Oversample: 1.24x
[coverage] Game 8600 | unique_states_cumulative: 55947/65536 (85.4%) | last100_unique: 8443
Game 8700 | Score: 0 | Record: 43 | Mean Score: 2.16 | Epsilon: 0.02 | Intrinsic: 0.000 | BufTerm: 0.045 | SampTerm: 0.081 | Oversample: 1.81x
[coverage] Game 8700 | unique_states_cumulative: 56481/65536 (86.2%) | last100_unique: 9684
Game 8800 | Score: 16 | Record: 43 | Mean Score: 2.24 | Epsilon: 0.02 | Intrinsic: 0.000 | BufTerm: 0.044 | SampTerm: 0.073 | Oversample: 1.65x
[coverage] Game 8800 | unique_states_cumulative: 57021/65536 (87.0%) | last100_unique: 9463
Game 8900 | Score: 0 | Record: 43 | Mean Score: 2.32 | Epsilon: 0.02 | Intrinsic: 0.000 | BufTerm: 0.044 | SampTerm: 0.067 | Oversample: 1.50x
[coverage] Game 8900 | unique_states_cumulative: 57451/65536 (87.7%) | last100_unique: 8958
Game 9000 | Score: 23 | Record: 43 | Mean Score: 2.39 | Epsilon: 0.02 | Intrinsic: 0.000 | BufTerm: 0.043 | SampTerm: 0.045 | Oversample: 1.05x
[coverage] Game 9000 | unique_states_cumulative: 57816/65536 (88.2%) | last100_unique: 8943
Game 9100 | Score: 0 | Record: 43 | Mean Score: 2.47 | Epsilon: 0.02 | Intrinsic: 0.000 | BufTerm: 0.043 | SampTerm: 0.075 | Oversample: 1.73x
[coverage] Game 9100 | unique_states_cumulative: 58186/65536 (88.8%) | last100_unique: 9244
Game 9200 | Score: 36 | Record: 43 | Mean Score: 2.54 | Epsilon: 0.02 | Intrinsic: 0.000 | BufTerm: 0.043 | SampTerm: 0.057 | Oversample: 1.33x
[coverage] Game 9200 | unique_states_cumulative: 58544/65536 (89.3%) | last100_unique: 9404
Game 9300 | Score: 0 | Record: 43 | Mean Score: 2.60 | Epsilon: 0.02 | Intrinsic: 0.000 | BufTerm: 0.044 | SampTerm: 0.071 | Oversample: 1.62x
[coverage] Game 9300 | unique_states_cumulative: 58801/65536 (89.7%) | last100_unique: 8593
Game 9400 | Score: 14 | Record: 43 | Mean Score: 2.65 | Epsilon: 0.02 | Intrinsic: 0.000 | BufTerm: 0.045 | SampTerm: 0.061 | Oversample: 1.37x
[coverage] Game 9400 | unique_states_cumulative: 59023/65536 (90.1%) | last100_unique: 7391
Game 9500 | Score: 0 | Record: 43 | Mean Score: 2.72 | Epsilon: 0.02 | Intrinsic: 0.000 | BufTerm: 0.044 | SampTerm: 0.060 | Oversample: 1.37x
[coverage] Game 9500 | unique_states_cumulative: 59343/65536 (90.6%) | last100_unique: 9645
Game 9600 | Score: 0 | Record: 45 | Mean Score: 2.77 | Epsilon: 0.02 | Intrinsic: 0.000 | BufTerm: 0.045 | SampTerm: 0.051 | Oversample: 1.13x
[coverage] Game 9600 | unique_states_cumulative: 59603/65536 (90.9%) | last100_unique: 8198
Game 9700 | Score: 29 | Record: 45 | Mean Score: 2.83 | Epsilon: 0.02 | Intrinsic: 0.000 | BufTerm: 0.045 | SampTerm: 0.060 | Oversample: 1.32x
[coverage] Game 9700 | unique_states_cumulative: 59876/65536 (91.4%) | last100_unique: 9272
Game 9800 | Score: 0 | Record: 45 | Mean Score: 2.89 | Epsilon: 0.02 | Intrinsic: 0.000 | BufTerm: 0.045 | SampTerm: 0.055 | Oversample: 1.21x
[coverage] Game 9800 | unique_states_cumulative: 60140/65536 (91.8%) | last100_unique: 9024
Game 9900 | Score: 8 | Record: 45 | Mean Score: 2.95 | Epsilon: 0.02 | Intrinsic: 0.000 | BufTerm: 0.046 | SampTerm: 0.063 | Oversample: 1.36x
[coverage] Game 9900 | unique_states_cumulative: 60360/65536 (92.1%) | last100_unique: 8015
Game 10000 | Score: 29 | Record: 46 | Mean Score: 3.01 | Epsilon: 0.02 | Intrinsic: 0.000 | BufTerm: 0.046 | SampTerm: 0.069 | Oversample: 1.51x
[coverage] Game 10000 | unique_states_cumulative: 60582/65536 (92.4%) | last100_unique: 8915
Game 10100 | Score: 0 | Record: 46 | Mean Score: 3.07 | Epsilon: 0.02 | Intrinsic: 0.000 | BufTerm: 0.046 | SampTerm: 0.045 | Oversample: 0.99x
[coverage] Game 10100 | unique_states_cumulative: 60810/65536 (92.8%) | last100_unique: 9484
Game 10200 | Score: 0 | Record: 46 | Mean Score: 3.13 | Epsilon: 0.02 | Intrinsic: 0.000 | BufTerm: 0.046 | SampTerm: 0.067 | Oversample: 1.46x
[coverage] Game 10200 | unique_states_cumulative: 61008/65536 (93.1%) | last100_unique: 9182
Game 10300 | Score: 8 | Record: 46 | Mean Score: 3.20 | Epsilon: 0.02 | Intrinsic: 0.000 | BufTerm: 0.044 | SampTerm: 0.069 | Oversample: 1.57x
[coverage] Game 10300 | unique_states_cumulative: 61217/65536 (93.4%) | last100_unique: 10264
Game 10400 | Score: 26 | Record: 46 | Mean Score: 3.28 | Epsilon: 0.02 | Intrinsic: 0.000 | BufTerm: 0.043 | SampTerm: 0.049 | Oversample: 1.16x
[coverage] Game 10400 | unique_states_cumulative: 61487/65536 (93.8%) | last100_unique: 11218
Game 10500 | Score: 0 | Record: 46 | Mean Score: 3.36 | Epsilon: 0.02 | Intrinsic: 0.000 | BufTerm: 0.040 | SampTerm: 0.072 | Oversample: 1.79x
[coverage] Game 10500 | unique_states_cumulative: 61696/65536 (94.1%) | last100_unique: 11026
Game 10600 | Score: 12 | Record: 51 | Mean Score: 3.42 | Epsilon: 0.02 | Intrinsic: 0.000 | BufTerm: 0.041 | SampTerm: 0.067 | Oversample: 1.64x
[coverage] Game 10600 | unique_states_cumulative: 61845/65536 (94.4%) | last100_unique: 9582
Game 10700 | Score: 0 | Record: 51 | Mean Score: 3.49 | Epsilon: 0.02 | Intrinsic: 0.000 | BufTerm: 0.039 | SampTerm: 0.044 | Oversample: 1.14x
[coverage] Game 10700 | unique_states_cumulative: 61991/65536 (94.6%) | last100_unique: 10579
Game 10800 | Score: 20 | Record: 51 | Mean Score: 3.54 | Epsilon: 0.02 | Intrinsic: 0.000 | BufTerm: 0.038 | SampTerm: 0.049 | Oversample: 1.29x
[coverage] Game 10800 | unique_states_cumulative: 62146/65536 (94.8%) | last100_unique: 9837
Game 10900 | Score: 0 | Record: 51 | Mean Score: 3.62 | Epsilon: 0.02 | Intrinsic: 0.000 | BufTerm: 0.037 | SampTerm: 0.053 | Oversample: 1.43x
[coverage] Game 10900 | unique_states_cumulative: 62302/65536 (95.1%) | last100_unique: 10976
Game 11000 | Score: 24 | Record: 51 | Mean Score: 3.66 | Epsilon: 0.02 | Intrinsic: 0.000 | BufTerm: 0.037 | SampTerm: 0.047 | Oversample: 1.25x
[coverage] Game 11000 | unique_states_cumulative: 62428/65536 (95.3%) | last100_unique: 9264
Game 11100 | Score: 45 | Record: 51 | Mean Score: 3.72 | Epsilon: 0.02 | Intrinsic: 0.000 | BufTerm: 0.038 | SampTerm: 0.053 | Oversample: 1.39x
[coverage] Game 11100 | unique_states_cumulative: 62558/65536 (95.5%) | last100_unique: 9814
Game 11200 | Score: 20 | Record: 51 | Mean Score: 3.76 | Epsilon: 0.02 | Intrinsic: 0.000 | BufTerm: 0.039 | SampTerm: 0.053 | Oversample: 1.37x
[coverage] Game 11200 | unique_states_cumulative: 62662/65536 (95.6%) | last100_unique: 9128
Game 11300 | Score: 17 | Record: 51 | Mean Score: 3.81 | Epsilon: 0.02 | Intrinsic: 0.000 | BufTerm: 0.040 | SampTerm: 0.059 | Oversample: 1.46x
[coverage] Game 11300 | unique_states_cumulative: 62756/65536 (95.8%) | last100_unique: 9070
Game 11400 | Score: 0 | Record: 51 | Mean Score: 3.83 | Epsilon: 0.02 | Intrinsic: 0.000 | BufTerm: 0.041 | SampTerm: 0.063 | Oversample: 1.52x
[coverage] Game 11400 | unique_states_cumulative: 62833/65536 (95.9%) | last100_unique: 6765
Game 11500 | Score: 0 | Record: 51 | Mean Score: 3.88 | Epsilon: 0.02 | Intrinsic: 0.000 | BufTerm: 0.042 | SampTerm: 0.063 | Oversample: 1.48x
[coverage] Game 11500 | unique_states_cumulative: 62928/65536 (96.0%) | last100_unique: 9472
Game 11600 | Score: 21 | Record: 51 | Mean Score: 3.93 | Epsilon: 0.02 | Intrinsic: 0.000 | BufTerm: 0.042 | SampTerm: 0.069 | Oversample: 1.64x
[coverage] Game 11600 | unique_states_cumulative: 63040/65536 (96.2%) | last100_unique: 10043
Game 11700 | Score: 0 | Record: 51 | Mean Score: 3.98 | Epsilon: 0.02 | Intrinsic: 0.000 | BufTerm: 0.043 | SampTerm: 0.048 | Oversample: 1.12x
[coverage] Game 11700 | unique_states_cumulative: 63139/65536 (96.3%) | last100_unique: 9663
Game 11800 | Score: 10 | Record: 51 | Mean Score: 4.02 | Epsilon: 0.02 | Intrinsic: 0.000 | BufTerm: 0.044 | SampTerm: 0.052 | Oversample: 1.19x
[coverage] Game 11800 | unique_states_cumulative: 63210/65536 (96.5%) | last100_unique: 9295
Game 11900 | Score: 0 | Record: 51 | Mean Score: 4.07 | Epsilon: 0.02 | Intrinsic: 0.000 | BufTerm: 0.043 | SampTerm: 0.059 | Oversample: 1.36x
[coverage] Game 11900 | unique_states_cumulative: 63290/65536 (96.6%) | last100_unique: 9559
Game 12000 | Score: 0 | Record: 51 | Mean Score: 4.12 | Epsilon: 0.02 | Intrinsic: 0.000 | BufTerm: 0.043 | SampTerm: 0.061 | Oversample: 1.44x
[coverage] Game 12000 | unique_states_cumulative: 63385/65536 (96.7%) | last100_unique: 10430
Game 12100 | Score: 1 | Record: 51 | Mean Score: 4.16 | Epsilon: 0.02 | Intrinsic: 0.000 | BufTerm: 0.043 | SampTerm: 0.071 | Oversample: 1.64x
[coverage] Game 12100 | unique_states_cumulative: 63448/65536 (96.8%) | last100_unique: 9392
Game 12200 | Score: 0 | Record: 51 | Mean Score: 4.22 | Epsilon: 0.02 | Intrinsic: 0.000 | BufTerm: 0.040 | SampTerm: 0.053 | Oversample: 1.34x
[coverage] Game 12200 | unique_states_cumulative: 63539/65536 (97.0%) | last100_unique: 11164
Game 12300 | Score: 0 | Record: 51 | Mean Score: 4.27 | Epsilon: 0.02 | Intrinsic: 0.000 | BufTerm: 0.039 | SampTerm: 0.053 | Oversample: 1.36x
[coverage] Game 12300 | unique_states_cumulative: 63626/65536 (97.1%) | last100_unique: 10539
Game 12400 | Score: 0 | Record: 51 | Mean Score: 4.33 | Epsilon: 0.02 | Intrinsic: 0.000 | BufTerm: 0.039 | SampTerm: 0.061 | Oversample: 1.59x
[coverage] Game 12400 | unique_states_cumulative: 63695/65536 (97.2%) | last100_unique: 11122
Game 12500 | Score: 0 | Record: 51 | Mean Score: 4.39 | Epsilon: 0.02 | Intrinsic: 0.000 | BufTerm: 0.037 | SampTerm: 0.041 | Oversample: 1.13x
[coverage] Game 12500 | unique_states_cumulative: 63760/65536 (97.3%) | last100_unique: 11784
Game 12600 | Score: 0 | Record: 51 | Mean Score: 4.45 | Epsilon: 0.02 | Intrinsic: 0.000 | BufTerm: 0.036 | SampTerm: 0.051 | Oversample: 1.42x
[coverage] Game 12600 | unique_states_cumulative: 63832/65536 (97.4%) | last100_unique: 11262
Game 12700 | Score: 16 | Record: 51 | Mean Score: 4.50 | Epsilon: 0.02 | Intrinsic: 0.000 | BufTerm: 0.036 | SampTerm: 0.052 | Oversample: 1.44x
[coverage] Game 12700 | unique_states_cumulative: 63887/65536 (97.5%) | last100_unique: 10225
Game 12800 | Score: 2 | Record: 51 | Mean Score: 4.55 | Epsilon: 0.02 | Intrinsic: 0.000 | BufTerm: 0.035 | SampTerm: 0.047 | Oversample: 1.34x
[coverage] Game 12800 | unique_states_cumulative: 63942/65536 (97.6%) | last100_unique: 11336
Game 12900 | Score: 11 | Record: 51 | Mean Score: 4.60 | Epsilon: 0.02 | Intrinsic: 0.000 | BufTerm: 0.035 | SampTerm: 0.059 | Oversample: 1.67x
[coverage] Game 12900 | unique_states_cumulative: 63988/65536 (97.6%) | last100_unique: 10080
Game 13000 | Score: 0 | Record: 51 | Mean Score: 4.65 | Epsilon: 0.02 | Intrinsic: 0.000 | BufTerm: 0.035 | SampTerm: 0.037 | Oversample: 1.08x
[coverage] Game 13000 | unique_states_cumulative: 64043/65536 (97.7%) | last100_unique: 11662
Game 13100 | Score: 0 | Record: 51 | Mean Score: 4.68 | Epsilon: 0.02 | Intrinsic: 0.000 | BufTerm: 0.036 | SampTerm: 0.049 | Oversample: 1.37x
[coverage] Game 13100 | unique_states_cumulative: 64086/65536 (97.8%) | last100_unique: 8246
Game 13200 | Score: 0 | Record: 52 | Mean Score: 4.72 | Epsilon: 0.02 | Intrinsic: 0.000 | BufTerm: 0.036 | SampTerm: 0.052 | Oversample: 1.43x
[coverage] Game 13200 | unique_states_cumulative: 64146/65536 (97.9%) | last100_unique: 11069
Game 13300 | Score: 6 | Record: 52 | Mean Score: 4.77 | Epsilon: 0.02 | Intrinsic: 0.000 | BufTerm: 0.037 | SampTerm: 0.059 | Oversample: 1.60x
[coverage] Game 13300 | unique_states_cumulative: 64201/65536 (98.0%) | last100_unique: 10923
Game 13400 | Score: 0 | Record: 52 | Mean Score: 4.81 | Epsilon: 0.02 | Intrinsic: 0.000 | BufTerm: 0.037 | SampTerm: 0.051 | Oversample: 1.38x
[coverage] Game 13400 | unique_states_cumulative: 64271/65536 (98.1%) | last100_unique: 9981
Game 13500 | Score: 0 | Record: 52 | Mean Score: 4.84 | Epsilon: 0.02 | Intrinsic: 0.000 | BufTerm: 0.038 | SampTerm: 0.044 | Oversample: 1.17x
[coverage] Game 13500 | unique_states_cumulative: 64312/65536 (98.1%) | last100_unique: 9690
Game 13600 | Score: 0 | Record: 54 | Mean Score: 4.89 | Epsilon: 0.02 | Intrinsic: 0.000 | BufTerm: 0.037 | SampTerm: 0.055 | Oversample: 1.49x
[coverage] Game 13600 | unique_states_cumulative: 64366/65536 (98.2%) | last100_unique: 11395
Game 13700 | Score: 27 | Record: 54 | Mean Score: 4.93 | Epsilon: 0.02 | Intrinsic: 0.000 | BufTerm: 0.038 | SampTerm: 0.045 | Oversample: 1.20x
[coverage] Game 13700 | unique_states_cumulative: 64394/65536 (98.3%) | last100_unique: 10143
Game 13800 | Score: 26 | Record: 54 | Mean Score: 4.96 | Epsilon: 0.02 | Intrinsic: 0.000 | BufTerm: 0.039 | SampTerm: 0.039 | Oversample: 0.99x
[coverage] Game 13800 | unique_states_cumulative: 64436/65536 (98.3%) | last100_unique: 8985
Game 13900 | Score: 0 | Record: 54 | Mean Score: 5.00 | Epsilon: 0.02 | Intrinsic: 0.000 | BufTerm: 0.038 | SampTerm: 0.041 | Oversample: 1.09x
[coverage] Game 13900 | unique_states_cumulative: 64474/65536 (98.4%) | last100_unique: 11089
[Game 14000] Final LR cooldown applied → 1e-5
Game 14000 | Score: 0 | Record: 54 | Mean Score: 5.04 | Epsilon: 0.02 | Intrinsic: 0.000 | BufTerm: 0.037 | SampTerm: 0.059 | Oversample: 1.57x
[coverage] Game 14000 | unique_states_cumulative: 64518/65536 (98.4%) | last100_unique: 10867
Game 14100 | Score: 18 | Record: 54 | Mean Score: 5.09 | Epsilon: 0.02 | Intrinsic: 0.000 | BufTerm: 0.037 | SampTerm: 0.053 | Oversample: 1.46x
[coverage] Game 14100 | unique_states_cumulative: 64550/65536 (98.5%) | last100_unique: 12203
Game 14200 | Score: 0 | Record: 54 | Mean Score: 5.15 | Epsilon: 0.02 | Intrinsic: 0.000 | BufTerm: 0.035 | SampTerm: 0.047 | Oversample: 1.34x
[coverage] Game 14200 | unique_states_cumulative: 64583/65536 (98.5%) | last100_unique: 12799
Game 14300 | Score: 0 | Record: 54 | Mean Score: 5.19 | Epsilon: 0.02 | Intrinsic: 0.000 | BufTerm: 0.034 | SampTerm: 0.040 | Oversample: 1.16x
[coverage] Game 14300 | unique_states_cumulative: 64609/65536 (98.6%) | last100_unique: 11443
Game 14400 | Score: 0 | Record: 54 | Mean Score: 5.25 | Epsilon: 0.02 | Intrinsic: 0.000 | BufTerm: 0.033 | SampTerm: 0.060 | Oversample: 1.84x
[coverage] Game 14400 | unique_states_cumulative: 64648/65536 (98.6%) | last100_unique: 13111
Game 14500 | Score: 48 | Record: 54 | Mean Score: 5.29 | Epsilon: 0.02 | Intrinsic: 0.000 | BufTerm: 0.032 | SampTerm: 0.052 | Oversample: 1.61x
[coverage] Game 14500 | unique_states_cumulative: 64666/65536 (98.7%) | last100_unique: 10346
Game 14600 | Score: 43 | Record: 54 | Mean Score: 5.34 | Epsilon: 0.02 | Intrinsic: 0.000 | BufTerm: 0.031 | SampTerm: 0.036 | Oversample: 1.18x
[coverage] Game 14600 | unique_states_cumulative: 64696/65536 (98.7%) | last100_unique: 13456
Game 14700 | Score: 0 | Record: 54 | Mean Score: 5.40 | Epsilon: 0.02 | Intrinsic: 0.000 | BufTerm: 0.030 | SampTerm: 0.055 | Oversample: 1.82x
[coverage] Game 14700 | unique_states_cumulative: 64724/65536 (98.8%) | last100_unique: 13050
Game 14800 | Score: 0 | Record: 54 | Mean Score: 5.45 | Epsilon: 0.02 | Intrinsic: 0.000 | BufTerm: 0.030 | SampTerm: 0.051 | Oversample: 1.71x
[coverage] Game 14800 | unique_states_cumulative: 64752/65536 (98.8%) | last100_unique: 13268
Game 14900 | Score: 0 | Record: 54 | Mean Score: 5.50 | Epsilon: 0.02 | Intrinsic: 0.000 | BufTerm: 0.029 | SampTerm: 0.047 | Oversample: 1.58x
[coverage] Game 14900 | unique_states_cumulative: 64779/65536 (98.8%) | last100_unique: 11948
Game 15000 | Score: 17 | Record: 54 | Mean Score: 5.54 | Epsilon: 0.02 | Intrinsic: 0.000 | BufTerm: 0.030 | SampTerm: 0.053 | Oversample: 1.76x
[coverage] Game 15000 | unique_states_cumulative: 64801/65536 (98.9%) | last100_unique: 11580
Game 15100 | Score: 0 | Record: 54 | Mean Score: 5.58 | Epsilon: 0.02 | Intrinsic: 0.000 | BufTerm: 0.030 | SampTerm: 0.056 | Oversample: 1.89x
[coverage] Game 15100 | unique_states_cumulative: 64823/65536 (98.9%) | last100_unique: 11901
Game 15200 | Score: 14 | Record: 54 | Mean Score: 5.63 | Epsilon: 0.02 | Intrinsic: 0.000 | BufTerm: 0.030 | SampTerm: 0.037 | Oversample: 1.25x
[coverage] Game 15200 | unique_states_cumulative: 64851/65536 (99.0%) | last100_unique: 12948
Game 15300 | Score: 46 | Record: 54 | Mean Score: 5.68 | Epsilon: 0.02 | Intrinsic: 0.000 | BufTerm: 0.030 | SampTerm: 0.043 | Oversample: 1.42x
[coverage] Game 15300 | unique_states_cumulative: 64880/65536 (99.0%) | last100_unique: 13115
Game 15400 | Score: 14 | Record: 54 | Mean Score: 5.74 | Epsilon: 0.02 | Intrinsic: 0.000 | BufTerm: 0.030 | SampTerm: 0.043 | Oversample: 1.44x
[coverage] Game 15400 | unique_states_cumulative: 64907/65536 (99.0%) | last100_unique: 13550
Game 15500 | Score: 0 | Record: 54 | Mean Score: 5.79 | Epsilon: 0.02 | Intrinsic: 0.000 | BufTerm: 0.029 | SampTerm: 0.037 | Oversample: 1.29x
[coverage] Game 15500 | unique_states_cumulative: 64923/65536 (99.1%) | last100_unique: 13025
Game 15600 | Score: 31 | Record: 55 | Mean Score: 5.85 | Epsilon: 0.02 | Intrinsic: 0.000 | BufTerm: 0.028 | SampTerm: 0.041 | Oversample: 1.50x
[coverage] Game 15600 | unique_states_cumulative: 64938/65536 (99.1%) | last100_unique: 13916
Game 15700 | Score: 0 | Record: 55 | Mean Score: 5.88 | Epsilon: 0.02 | Intrinsic: 0.000 | BufTerm: 0.028 | SampTerm: 0.044 | Oversample: 1.55x
[coverage] Game 15700 | unique_states_cumulative: 64952/65536 (99.1%) | last100_unique: 11296
Game 15800 | Score: 0 | Record: 56 | Mean Score: 5.93 | Epsilon: 0.02 | Intrinsic: 0.000 | BufTerm: 0.028 | SampTerm: 0.047 | Oversample: 1.65x
[coverage] Game 15800 | unique_states_cumulative: 64961/65536 (99.1%) | last100_unique: 13161
Game 15900 | Score: 0 | Record: 56 | Mean Score: 5.98 | Epsilon: 0.02 | Intrinsic: 0.000 | BufTerm: 0.028 | SampTerm: 0.039 | Oversample: 1.36x
[coverage] Game 15900 | unique_states_cumulative: 64972/65536 (99.1%) | last100_unique: 13176
Game 16000 | Score: 0 | Record: 56 | Mean Score: 6.02 | Epsilon: 0.02 | Intrinsic: 0.000 | BufTerm: 0.029 | SampTerm: 0.033 | Oversample: 1.16x
[coverage] Game 16000 | unique_states_cumulative: 64984/65536 (99.2%) | last100_unique: 11810

Training Complete!
Best Score: 56
Final Mean Score: 6.02
wandb: updating run metadata
wandb: uploading output.log; uploading wandb-summary.json; uploading config.yaml
wandb: uploading output.log
wandb: 
wandb: Run history:
wandb:        Buf_Terminal_Frac ▇▇████████▇▇▇▇▇▆▆▅▅▄▃▂▂▁▁▁▂▁▁▁▁▁▁▁▁▁▁▁▁▁
wandb:      Coverage_Cumulative ▁▁▁▂▂▃▃▃▃▃▄▄▄▄▄▅▅▅▆▆▇▇▇▇▇▇██████████████
wandb: Coverage_Cumulative_Frac ▁▂▂▂▂▃▃▃▃▃▅▅▅▆▆▆▇▇▇▇████████████████████
wandb:       Coverage_Window100 ▁▁▁▁▁▁▁▁▁▁▁▁▁▂▂▃▃▂▃▄▅▅▆▅▅▆▆▄▆▆▆▆▇▆▇█▇██▇
wandb:                  Epsilon ██▇▇▇▆▆▆▆▅▅▄▄▃▂▁▁▁▁▁▁▁▁▁▁▁▁▁▁▁▁▁▁▁▁▁▁▁▁▁
wandb:                     Game ▁▁▁▁▂▂▂▂▃▃▃▃▃▄▄▄▄▄▄▅▅▅▅▅▅▆▆▆▆▇▇▇▇▇▇█████
wandb:               Mean_Score ▁▁▁▁▁▁▁▁▁▁▁▁▁▁▁▂▂▂▂▂▂▂▂▃▄▅▅▅▅▅▆▆▆▆▇▇████
wandb:                   Record ▁▁▁▁▁▁▁▁▁▁▂▂▃▃▃▅▆▆▆▆▆▆▆▇▇▇▇▇▇▇▇█████████
wandb:     Sample_Terminal_Frac ▆▇▆█▆▅▇▇▆▇▇▇█▇▆▆▇█▆▅▃▂▃▁▂▂▃▂▂▂▂▂▂▂▂▂▁▁▁▁
wandb:                    Score ▁▁▁▁▁▁▁▁▁▁▂▁▁▁▂▁▆▁▃▂▁▁▁▅▁▁▁▃▄▁▁▁▁▅▅▁█▁▃▁
wandb:                       +1 ...
wandb: 
wandb: Run summary:
wandb:        Buf_Terminal_Frac 0.02885
wandb:      Coverage_Cumulative 64984
wandb: Coverage_Cumulative_Frac 0.99158
wandb:       Coverage_Window100 11810
wandb:                  Epsilon 0.02
wandb:                     Game 16000
wandb:               Mean_Score 6.01537
wandb:                   Record 56
wandb:     Sample_Terminal_Frac 0.03333
wandb:                    Score 0
wandb:                       +1 ...
wandb: 
wandb: 🚀 View run FeatureDQN_v2_16x16_dense_seed2 at: https://wandb.ai/saheb37/rl-snake/runs/lhbnxvmg
wandb: ⭐️ View project at: https://wandb.ai/saheb37/rl-snake
wandb: Synced 5 W&B file(s), 0 media file(s), 0 artifact file(s) and 0 other file(s)
wandb: Find logs at: ./wandb/run-20260517_100137-lhbnxvmg/logs
