/Users/saheb/home/rl-snake/.venv/lib/python3.9/site-packages/urllib3/__init__.py:35: NotOpenSSLWarning: urllib3 v2 only supports OpenSSL 1.1.1+, currently the 'ssl' module is compiled with 'LibreSSL 2.8.3'. See: https://github.com/urllib3/urllib3/issues/3020
  warnings.warn(
wandb: [wandb.login()] Loaded credentials for https://api.wandb.ai from /Users/saheb/.netrc.
wandb: Currently logged in as: saheb37 to https://api.wandb.ai. Use `wandb login --relogin` to force relogin
wandb: setting up run dt7qp7eq
wandb: Tracking run with wandb version 0.26.0
wandb: Run data is saved locally in /Users/saheb/home/rl-snake/wandb/run-20260517_001443-dt7qp7eq
wandb: Run `wandb offline` to turn off syncing.
wandb: Syncing run FeatureDQN_v2_10x10_dense_seed2
wandb: ⭐️ View project at https://wandb.ai/saheb37/rl-snake
wandb: 🚀 View run at https://wandb.ai/saheb37/rl-snake/runs/dt7qp7eq
Starting Baseline DQN Training (Dueling + 3-Step) on 10x10 Board...
Game 100 | Score: 2 | Record: 2 | Mean Score: 0.14 | Epsilon: 0.98 | Intrinsic: 0.000 | BufTerm: 0.331 | SampTerm: 0.397 | Oversample: 1.20x
[coverage] Game 100 | unique_states_cumulative: 877/10000 (8.8%) | last100_unique: 877
Game 200 | Score: 0 | Record: 2 | Mean Score: 0.12 | Epsilon: 0.96 | Intrinsic: 0.000 | BufTerm: 0.329 | SampTerm: 0.289 | Oversample: 0.88x
[coverage] Game 200 | unique_states_cumulative: 1568/10000 (15.7%) | last100_unique: 874
Game 300 | Score: 0 | Record: 2 | Mean Score: 0.13 | Epsilon: 0.94 | Intrinsic: 0.000 | BufTerm: 0.327 | SampTerm: 0.307 | Oversample: 0.94x
[coverage] Game 300 | unique_states_cumulative: 2129/10000 (21.3%) | last100_unique: 880
Game 400 | Score: 0 | Record: 2 | Mean Score: 0.11 | Epsilon: 0.92 | Intrinsic: 0.000 | BufTerm: 0.335 | SampTerm: 0.268 | Oversample: 0.80x
[coverage] Game 400 | unique_states_cumulative: 2505/10000 (25.1%) | last100_unique: 804
Game 500 | Score: 0 | Record: 2 | Mean Score: 0.11 | Epsilon: 0.90 | Intrinsic: 0.000 | BufTerm: 0.340 | SampTerm: 0.267 | Oversample: 0.78x
[coverage] Game 500 | unique_states_cumulative: 2777/10000 (27.8%) | last100_unique: 807
Game 600 | Score: 0 | Record: 5 | Mean Score: 0.12 | Epsilon: 0.88 | Intrinsic: 0.000 | BufTerm: 0.343 | SampTerm: 0.256 | Oversample: 0.75x
[coverage] Game 600 | unique_states_cumulative: 3102/10000 (31.0%) | last100_unique: 888
Game 700 | Score: 0 | Record: 5 | Mean Score: 0.12 | Epsilon: 0.86 | Intrinsic: 0.000 | BufTerm: 0.343 | SampTerm: 0.277 | Oversample: 0.81x
[coverage] Game 700 | unique_states_cumulative: 3339/10000 (33.4%) | last100_unique: 871
Game 800 | Score: 0 | Record: 5 | Mean Score: 0.12 | Epsilon: 0.84 | Intrinsic: 0.000 | BufTerm: 0.349 | SampTerm: 0.297 | Oversample: 0.85x
[coverage] Game 800 | unique_states_cumulative: 3474/10000 (34.7%) | last100_unique: 781
Game 900 | Score: 0 | Record: 5 | Mean Score: 0.13 | Epsilon: 0.82 | Intrinsic: 0.000 | BufTerm: 0.348 | SampTerm: 0.276 | Oversample: 0.79x
[coverage] Game 900 | unique_states_cumulative: 3703/10000 (37.0%) | last100_unique: 893
Game 1000 | Score: 0 | Record: 5 | Mean Score: 0.13 | Epsilon: 0.80 | Intrinsic: 0.000 | BufTerm: 0.351 | SampTerm: 0.299 | Oversample: 0.85x
[coverage] Game 1000 | unique_states_cumulative: 3838/10000 (38.4%) | last100_unique: 787
Game 1100 | Score: 0 | Record: 5 | Mean Score: 0.14 | Epsilon: 0.78 | Intrinsic: 0.000 | BufTerm: 0.353 | SampTerm: 0.291 | Oversample: 0.82x
[coverage] Game 1100 | unique_states_cumulative: 3971/10000 (39.7%) | last100_unique: 855
Game 1200 | Score: 0 | Record: 5 | Mean Score: 0.15 | Epsilon: 0.76 | Intrinsic: 0.000 | BufTerm: 0.354 | SampTerm: 0.287 | Oversample: 0.81x
[coverage] Game 1200 | unique_states_cumulative: 4131/10000 (41.3%) | last100_unique: 900
Game 1300 | Score: 0 | Record: 5 | Mean Score: 0.15 | Epsilon: 0.75 | Intrinsic: 0.000 | BufTerm: 0.356 | SampTerm: 0.304 | Oversample: 0.85x
[coverage] Game 1300 | unique_states_cumulative: 4239/10000 (42.4%) | last100_unique: 812
Game 1400 | Score: 0 | Record: 5 | Mean Score: 0.16 | Epsilon: 0.73 | Intrinsic: 0.000 | BufTerm: 0.356 | SampTerm: 0.292 | Oversample: 0.82x
[coverage] Game 1400 | unique_states_cumulative: 4381/10000 (43.8%) | last100_unique: 853
Game 1500 | Score: 0 | Record: 5 | Mean Score: 0.16 | Epsilon: 0.71 | Intrinsic: 0.000 | BufTerm: 0.357 | SampTerm: 0.268 | Oversample: 0.75x
[coverage] Game 1500 | unique_states_cumulative: 4546/10000 (45.5%) | last100_unique: 876
Game 1600 | Score: 1 | Record: 5 | Mean Score: 0.16 | Epsilon: 0.69 | Intrinsic: 0.000 | BufTerm: 0.361 | SampTerm: 0.264 | Oversample: 0.73x
[coverage] Game 1600 | unique_states_cumulative: 4601/10000 (46.0%) | last100_unique: 713
Game 1700 | Score: 0 | Record: 5 | Mean Score: 0.17 | Epsilon: 0.67 | Intrinsic: 0.000 | BufTerm: 0.362 | SampTerm: 0.311 | Oversample: 0.86x
[coverage] Game 1700 | unique_states_cumulative: 4753/10000 (47.5%) | last100_unique: 866
Game 1800 | Score: 0 | Record: 5 | Mean Score: 0.18 | Epsilon: 0.65 | Intrinsic: 0.000 | BufTerm: 0.362 | SampTerm: 0.305 | Oversample: 0.84x
[coverage] Game 1800 | unique_states_cumulative: 4886/10000 (48.9%) | last100_unique: 873
Game 1900 | Score: 0 | Record: 5 | Mean Score: 0.19 | Epsilon: 0.63 | Intrinsic: 0.000 | BufTerm: 0.361 | SampTerm: 0.303 | Oversample: 0.84x
[coverage] Game 1900 | unique_states_cumulative: 5049/10000 (50.5%) | last100_unique: 958
Game 2000 | Score: 0 | Record: 5 | Mean Score: 0.22 | Epsilon: 0.61 | Intrinsic: 0.000 | BufTerm: 0.358 | SampTerm: 0.273 | Oversample: 0.76x
[coverage] Game 2000 | unique_states_cumulative: 5285/10000 (52.9%) | last100_unique: 1087
Game 2100 | Score: 1 | Record: 5 | Mean Score: 0.23 | Epsilon: 0.59 | Intrinsic: 0.000 | BufTerm: 0.358 | SampTerm: 0.283 | Oversample: 0.79x
[coverage] Game 2100 | unique_states_cumulative: 5463/10000 (54.6%) | last100_unique: 908
Game 2200 | Score: 0 | Record: 7 | Mean Score: 0.25 | Epsilon: 0.57 | Intrinsic: 0.000 | BufTerm: 0.355 | SampTerm: 0.284 | Oversample: 0.80x
[coverage] Game 2200 | unique_states_cumulative: 5665/10000 (56.6%) | last100_unique: 1151
Game 2300 | Score: 0 | Record: 7 | Mean Score: 0.27 | Epsilon: 0.55 | Intrinsic: 0.000 | BufTerm: 0.353 | SampTerm: 0.307 | Oversample: 0.87x
[coverage] Game 2300 | unique_states_cumulative: 5844/10000 (58.4%) | last100_unique: 1018
Game 2400 | Score: 0 | Record: 7 | Mean Score: 0.29 | Epsilon: 0.53 | Intrinsic: 0.000 | BufTerm: 0.350 | SampTerm: 0.295 | Oversample: 0.84x
[coverage] Game 2400 | unique_states_cumulative: 6053/10000 (60.5%) | last100_unique: 1153
Game 2500 | Score: 6 | Record: 7 | Mean Score: 0.30 | Epsilon: 0.51 | Intrinsic: 0.000 | BufTerm: 0.347 | SampTerm: 0.317 | Oversample: 0.91x
[coverage] Game 2500 | unique_states_cumulative: 6238/10000 (62.4%) | last100_unique: 1112
Game 2600 | Score: 2 | Record: 7 | Mean Score: 0.32 | Epsilon: 0.49 | Intrinsic: 0.000 | BufTerm: 0.344 | SampTerm: 0.285 | Oversample: 0.83x
[coverage] Game 2600 | unique_states_cumulative: 6427/10000 (64.3%) | last100_unique: 1200
Game 2700 | Score: 1 | Record: 7 | Mean Score: 0.33 | Epsilon: 0.47 | Intrinsic: 0.000 | BufTerm: 0.344 | SampTerm: 0.288 | Oversample: 0.84x
[coverage] Game 2700 | unique_states_cumulative: 6519/10000 (65.2%) | last100_unique: 1044
Game 2800 | Score: 0 | Record: 7 | Mean Score: 0.36 | Epsilon: 0.45 | Intrinsic: 0.000 | BufTerm: 0.339 | SampTerm: 0.291 | Oversample: 0.86x
[coverage] Game 2800 | unique_states_cumulative: 6737/10000 (67.4%) | last100_unique: 1412
Game 2900 | Score: 1 | Record: 8 | Mean Score: 0.39 | Epsilon: 0.43 | Intrinsic: 0.000 | BufTerm: 0.335 | SampTerm: 0.273 | Oversample: 0.82x
[coverage] Game 2900 | unique_states_cumulative: 6949/10000 (69.5%) | last100_unique: 1413
Game 3000 | Score: 0 | Record: 9 | Mean Score: 0.42 | Epsilon: 0.41 | Intrinsic: 0.000 | BufTerm: 0.329 | SampTerm: 0.299 | Oversample: 0.91x
[coverage] Game 3000 | unique_states_cumulative: 7145/10000 (71.5%) | last100_unique: 1576
Game 3100 | Score: 8 | Record: 9 | Mean Score: 0.45 | Epsilon: 0.39 | Intrinsic: 0.000 | BufTerm: 0.325 | SampTerm: 0.268 | Oversample: 0.82x
[coverage] Game 3100 | unique_states_cumulative: 7306/10000 (73.1%) | last100_unique: 1430
Game 3200 | Score: 0 | Record: 9 | Mean Score: 0.48 | Epsilon: 0.37 | Intrinsic: 0.000 | BufTerm: 0.321 | SampTerm: 0.287 | Oversample: 0.89x
[coverage] Game 3200 | unique_states_cumulative: 7421/10000 (74.2%) | last100_unique: 1482
Game 3300 | Score: 5 | Record: 9 | Mean Score: 0.51 | Epsilon: 0.35 | Intrinsic: 0.000 | BufTerm: 0.317 | SampTerm: 0.295 | Oversample: 0.93x
[coverage] Game 3300 | unique_states_cumulative: 7578/10000 (75.8%) | last100_unique: 1529
Game 3400 | Score: 4 | Record: 12 | Mean Score: 0.54 | Epsilon: 0.33 | Intrinsic: 0.000 | BufTerm: 0.315 | SampTerm: 0.263 | Oversample: 0.83x
[coverage] Game 3400 | unique_states_cumulative: 7687/10000 (76.9%) | last100_unique: 1438
Game 3500 | Score: 2 | Record: 12 | Mean Score: 0.56 | Epsilon: 0.31 | Intrinsic: 0.000 | BufTerm: 0.311 | SampTerm: 0.291 | Oversample: 0.93x
[coverage] Game 3500 | unique_states_cumulative: 7815/10000 (78.2%) | last100_unique: 1484
Game 3600 | Score: 3 | Record: 12 | Mean Score: 0.59 | Epsilon: 0.29 | Intrinsic: 0.000 | BufTerm: 0.309 | SampTerm: 0.317 | Oversample: 1.03x
[coverage] Game 3600 | unique_states_cumulative: 7906/10000 (79.1%) | last100_unique: 1485
Game 3700 | Score: 0 | Record: 12 | Mean Score: 0.62 | Epsilon: 0.27 | Intrinsic: 0.000 | BufTerm: 0.306 | SampTerm: 0.276 | Oversample: 0.90x
[coverage] Game 3700 | unique_states_cumulative: 8005/10000 (80.0%) | last100_unique: 1540
Game 3800 | Score: 0 | Record: 14 | Mean Score: 0.66 | Epsilon: 0.26 | Intrinsic: 0.000 | BufTerm: 0.302 | SampTerm: 0.273 | Oversample: 0.91x
[coverage] Game 3800 | unique_states_cumulative: 8124/10000 (81.2%) | last100_unique: 1772
Game 3900 | Score: 5 | Record: 14 | Mean Score: 0.69 | Epsilon: 0.24 | Intrinsic: 0.000 | BufTerm: 0.298 | SampTerm: 0.283 | Oversample: 0.95x
[coverage] Game 3900 | unique_states_cumulative: 8241/10000 (82.4%) | last100_unique: 1720
Game 4000 | Score: 0 | Record: 14 | Mean Score: 0.71 | Epsilon: 0.22 | Intrinsic: 0.000 | BufTerm: 0.296 | SampTerm: 0.260 | Oversample: 0.88x
[coverage] Game 4000 | unique_states_cumulative: 8330/10000 (83.3%) | last100_unique: 1607
Game 4100 | Score: 0 | Record: 16 | Mean Score: 0.77 | Epsilon: 0.20 | Intrinsic: 0.000 | BufTerm: 0.289 | SampTerm: 0.276 | Oversample: 0.95x
[coverage] Game 4100 | unique_states_cumulative: 8496/10000 (85.0%) | last100_unique: 2218
Game 4200 | Score: 0 | Record: 16 | Mean Score: 0.82 | Epsilon: 0.18 | Intrinsic: 0.000 | BufTerm: 0.284 | SampTerm: 0.259 | Oversample: 0.91x
[coverage] Game 4200 | unique_states_cumulative: 8608/10000 (86.1%) | last100_unique: 2154
Game 4300 | Score: 0 | Record: 18 | Mean Score: 0.88 | Epsilon: 0.16 | Intrinsic: 0.000 | BufTerm: 0.278 | SampTerm: 0.279 | Oversample: 1.00x
[coverage] Game 4300 | unique_states_cumulative: 8720/10000 (87.2%) | last100_unique: 2371
Game 4400 | Score: 4 | Record: 18 | Mean Score: 0.94 | Epsilon: 0.14 | Intrinsic: 0.000 | BufTerm: 0.273 | SampTerm: 0.271 | Oversample: 0.99x
[coverage] Game 4400 | unique_states_cumulative: 8852/10000 (88.5%) | last100_unique: 2439
Game 4500 | Score: 0 | Record: 21 | Mean Score: 0.98 | Epsilon: 0.12 | Intrinsic: 0.000 | BufTerm: 0.268 | SampTerm: 0.271 | Oversample: 1.01x
[coverage] Game 4500 | unique_states_cumulative: 8933/10000 (89.3%) | last100_unique: 2279
Game 4600 | Score: 0 | Record: 21 | Mean Score: 1.05 | Epsilon: 0.10 | Intrinsic: 0.000 | BufTerm: 0.262 | SampTerm: 0.255 | Oversample: 0.97x
[coverage] Game 4600 | unique_states_cumulative: 9059/10000 (90.6%) | last100_unique: 2679
Game 4700 | Score: 7 | Record: 21 | Mean Score: 1.10 | Epsilon: 0.08 | Intrinsic: 0.000 | BufTerm: 0.258 | SampTerm: 0.272 | Oversample: 1.05x
[coverage] Game 4700 | unique_states_cumulative: 9121/10000 (91.2%) | last100_unique: 2162
Game 4800 | Score: 0 | Record: 24 | Mean Score: 1.20 | Epsilon: 0.06 | Intrinsic: 0.000 | BufTerm: 0.249 | SampTerm: 0.269 | Oversample: 1.08x
[coverage] Game 4800 | unique_states_cumulative: 9254/10000 (92.5%) | last100_unique: 3318
Game 4900 | Score: 10 | Record: 24 | Mean Score: 1.29 | Epsilon: 0.04 | Intrinsic: 0.000 | BufTerm: 0.241 | SampTerm: 0.236 | Oversample: 0.98x
[coverage] Game 4900 | unique_states_cumulative: 9346/10000 (93.5%) | last100_unique: 3278
Game 5000 | Score: 11 | Record: 33 | Mean Score: 1.43 | Epsilon: 0.02 | Intrinsic: 0.000 | BufTerm: 0.221 | SampTerm: 0.281 | Oversample: 1.27x
[coverage] Game 5000 | unique_states_cumulative: 9462/10000 (94.6%) | last100_unique: 4093
Game 5100 | Score: 0 | Record: 34 | Mean Score: 1.57 | Epsilon: 0.02 | Intrinsic: 0.000 | BufTerm: 0.201 | SampTerm: 0.224 | Oversample: 1.11x
[coverage] Game 5100 | unique_states_cumulative: 9532/10000 (95.3%) | last100_unique: 3911
Game 5200 | Score: 27 | Record: 37 | Mean Score: 1.71 | Epsilon: 0.02 | Intrinsic: 0.000 | BufTerm: 0.177 | SampTerm: 0.197 | Oversample: 1.12x
[coverage] Game 5200 | unique_states_cumulative: 9615/10000 (96.2%) | last100_unique: 4369
Game 5300 | Score: 0 | Record: 38 | Mean Score: 1.82 | Epsilon: 0.02 | Intrinsic: 0.000 | BufTerm: 0.159 | SampTerm: 0.196 | Oversample: 1.23x
[coverage] Game 5300 | unique_states_cumulative: 9670/10000 (96.7%) | last100_unique: 4024
Game 5400 | Score: 0 | Record: 38 | Mean Score: 1.94 | Epsilon: 0.02 | Intrinsic: 0.000 | BufTerm: 0.143 | SampTerm: 0.160 | Oversample: 1.12x
[coverage] Game 5400 | unique_states_cumulative: 9713/10000 (97.1%) | last100_unique: 4192
Game 5500 | Score: 0 | Record: 38 | Mean Score: 2.10 | Epsilon: 0.02 | Intrinsic: 0.000 | BufTerm: 0.125 | SampTerm: 0.153 | Oversample: 1.23x
[coverage] Game 5500 | unique_states_cumulative: 9766/10000 (97.7%) | last100_unique: 4734
Game 5600 | Score: 23 | Record: 38 | Mean Score: 2.22 | Epsilon: 0.02 | Intrinsic: 0.000 | BufTerm: 0.112 | SampTerm: 0.141 | Oversample: 1.26x
[coverage] Game 5600 | unique_states_cumulative: 9793/10000 (97.9%) | last100_unique: 4495
Game 5700 | Score: 17 | Record: 38 | Mean Score: 2.34 | Epsilon: 0.02 | Intrinsic: 0.000 | BufTerm: 0.100 | SampTerm: 0.147 | Oversample: 1.47x
[coverage] Game 5700 | unique_states_cumulative: 9812/10000 (98.1%) | last100_unique: 4252
Game 5800 | Score: 0 | Record: 38 | Mean Score: 2.44 | Epsilon: 0.02 | Intrinsic: 0.000 | BufTerm: 0.089 | SampTerm: 0.115 | Oversample: 1.28x
[coverage] Game 5800 | unique_states_cumulative: 9832/10000 (98.3%) | last100_unique: 4352
Game 5900 | Score: 0 | Record: 38 | Mean Score: 2.58 | Epsilon: 0.02 | Intrinsic: 0.000 | BufTerm: 0.081 | SampTerm: 0.095 | Oversample: 1.18x
[coverage] Game 5900 | unique_states_cumulative: 9857/10000 (98.6%) | last100_unique: 4781
Game 6000 | Score: 37 | Record: 38 | Mean Score: 2.67 | Epsilon: 0.02 | Intrinsic: 0.000 | BufTerm: 0.075 | SampTerm: 0.080 | Oversample: 1.06x
[coverage] Game 6000 | unique_states_cumulative: 9862/10000 (98.6%) | last100_unique: 4017
Game 6100 | Score: 0 | Record: 40 | Mean Score: 2.77 | Epsilon: 0.02 | Intrinsic: 0.000 | BufTerm: 0.069 | SampTerm: 0.084 | Oversample: 1.21x
[coverage] Game 6100 | unique_states_cumulative: 9869/10000 (98.7%) | last100_unique: 4501
Game 6200 | Score: 35 | Record: 40 | Mean Score: 2.90 | Epsilon: 0.02 | Intrinsic: 0.000 | BufTerm: 0.065 | SampTerm: 0.073 | Oversample: 1.13x
[coverage] Game 6200 | unique_states_cumulative: 9875/10000 (98.8%) | last100_unique: 5046
Game 6300 | Score: 0 | Record: 40 | Mean Score: 2.99 | Epsilon: 0.02 | Intrinsic: 0.000 | BufTerm: 0.065 | SampTerm: 0.076 | Oversample: 1.17x
[coverage] Game 6300 | unique_states_cumulative: 9881/10000 (98.8%) | last100_unique: 4561
Game 6400 | Score: 34 | Record: 40 | Mean Score: 3.10 | Epsilon: 0.02 | Intrinsic: 0.000 | BufTerm: 0.064 | SampTerm: 0.085 | Oversample: 1.34x
[coverage] Game 6400 | unique_states_cumulative: 9886/10000 (98.9%) | last100_unique: 4792
Game 6500 | Score: 0 | Record: 40 | Mean Score: 3.17 | Epsilon: 0.02 | Intrinsic: 0.000 | BufTerm: 0.064 | SampTerm: 0.063 | Oversample: 0.98x
[coverage] Game 6500 | unique_states_cumulative: 9886/10000 (98.9%) | last100_unique: 4234
Game 6600 | Score: 27 | Record: 40 | Mean Score: 3.27 | Epsilon: 0.02 | Intrinsic: 0.000 | BufTerm: 0.063 | SampTerm: 0.071 | Oversample: 1.12x
[coverage] Game 6600 | unique_states_cumulative: 9889/10000 (98.9%) | last100_unique: 4606
Game 6700 | Score: 0 | Record: 40 | Mean Score: 3.38 | Epsilon: 0.02 | Intrinsic: 0.000 | BufTerm: 0.062 | SampTerm: 0.077 | Oversample: 1.25x
[coverage] Game 6700 | unique_states_cumulative: 9891/10000 (98.9%) | last100_unique: 4836
Game 6800 | Score: 4 | Record: 40 | Mean Score: 3.46 | Epsilon: 0.02 | Intrinsic: 0.000 | BufTerm: 0.063 | SampTerm: 0.079 | Oversample: 1.26x
[coverage] Game 6800 | unique_states_cumulative: 9893/10000 (98.9%) | last100_unique: 4459
Game 6900 | Score: 10 | Record: 40 | Mean Score: 3.55 | Epsilon: 0.02 | Intrinsic: 0.000 | BufTerm: 0.062 | SampTerm: 0.077 | Oversample: 1.25x
[coverage] Game 6900 | unique_states_cumulative: 9895/10000 (99.0%) | last100_unique: 4640
Game 7000 | Score: 0 | Record: 40 | Mean Score: 3.63 | Epsilon: 0.02 | Intrinsic: 0.000 | BufTerm: 0.061 | SampTerm: 0.068 | Oversample: 1.11x
[coverage] Game 7000 | unique_states_cumulative: 9895/10000 (99.0%) | last100_unique: 4529
Game 7100 | Score: 0 | Record: 41 | Mean Score: 3.74 | Epsilon: 0.02 | Intrinsic: 0.000 | BufTerm: 0.061 | SampTerm: 0.088 | Oversample: 1.44x
[coverage] Game 7100 | unique_states_cumulative: 9896/10000 (99.0%) | last100_unique: 5120
Game 7200 | Score: 15 | Record: 41 | Mean Score: 3.81 | Epsilon: 0.02 | Intrinsic: 0.000 | BufTerm: 0.060 | SampTerm: 0.080 | Oversample: 1.33x
[coverage] Game 7200 | unique_states_cumulative: 9898/10000 (99.0%) | last100_unique: 4619
Game 7300 | Score: 39 | Record: 41 | Mean Score: 3.90 | Epsilon: 0.02 | Intrinsic: 0.000 | BufTerm: 0.059 | SampTerm: 0.080 | Oversample: 1.35x
[coverage] Game 7300 | unique_states_cumulative: 9899/10000 (99.0%) | last100_unique: 4887
Game 7400 | Score: 0 | Record: 41 | Mean Score: 3.98 | Epsilon: 0.02 | Intrinsic: 0.000 | BufTerm: 0.060 | SampTerm: 0.059 | Oversample: 0.98x
[coverage] Game 7400 | unique_states_cumulative: 9899/10000 (99.0%) | last100_unique: 4617
Game 7500 | Score: 0 | Record: 41 | Mean Score: 4.05 | Epsilon: 0.02 | Intrinsic: 0.000 | BufTerm: 0.060 | SampTerm: 0.067 | Oversample: 1.10x
[coverage] Game 7500 | unique_states_cumulative: 9899/10000 (99.0%) | last100_unique: 4616
Game 7600 | Score: 0 | Record: 41 | Mean Score: 4.12 | Epsilon: 0.02 | Intrinsic: 0.000 | BufTerm: 0.060 | SampTerm: 0.083 | Oversample: 1.38x
[coverage] Game 7600 | unique_states_cumulative: 9899/10000 (99.0%) | last100_unique: 4662
Game 7700 | Score: 23 | Record: 41 | Mean Score: 4.19 | Epsilon: 0.02 | Intrinsic: 0.000 | BufTerm: 0.059 | SampTerm: 0.063 | Oversample: 1.05x
[coverage] Game 7700 | unique_states_cumulative: 9899/10000 (99.0%) | last100_unique: 4650
Game 7800 | Score: 0 | Record: 41 | Mean Score: 4.27 | Epsilon: 0.02 | Intrinsic: 0.000 | BufTerm: 0.059 | SampTerm: 0.076 | Oversample: 1.29x
[coverage] Game 7800 | unique_states_cumulative: 9900/10000 (99.0%) | last100_unique: 5092
Game 7900 | Score: 0 | Record: 41 | Mean Score: 4.33 | Epsilon: 0.02 | Intrinsic: 0.000 | BufTerm: 0.060 | SampTerm: 0.073 | Oversample: 1.23x
[coverage] Game 7900 | unique_states_cumulative: 9900/10000 (99.0%) | last100_unique: 4498
Game 8000 | Score: 33 | Record: 41 | Mean Score: 4.39 | Epsilon: 0.02 | Intrinsic: 0.000 | BufTerm: 0.059 | SampTerm: 0.060 | Oversample: 1.01x
[coverage] Game 8000 | unique_states_cumulative: 9900/10000 (99.0%) | last100_unique: 4824
Game 8100 | Score: 0 | Record: 41 | Mean Score: 4.44 | Epsilon: 0.02 | Intrinsic: 0.000 | BufTerm: 0.060 | SampTerm: 0.071 | Oversample: 1.18x
[coverage] Game 8100 | unique_states_cumulative: 9900/10000 (99.0%) | last100_unique: 4251
Game 8200 | Score: 21 | Record: 41 | Mean Score: 4.50 | Epsilon: 0.02 | Intrinsic: 0.000 | BufTerm: 0.059 | SampTerm: 0.093 | Oversample: 1.58x
[coverage] Game 8200 | unique_states_cumulative: 9900/10000 (99.0%) | last100_unique: 4672
Game 8300 | Score: 0 | Record: 41 | Mean Score: 4.57 | Epsilon: 0.02 | Intrinsic: 0.000 | BufTerm: 0.060 | SampTerm: 0.087 | Oversample: 1.45x
[coverage] Game 8300 | unique_states_cumulative: 9900/10000 (99.0%) | last100_unique: 4915
Game 8400 | Score: 0 | Record: 41 | Mean Score: 4.65 | Epsilon: 0.02 | Intrinsic: 0.000 | BufTerm: 0.059 | SampTerm: 0.075 | Oversample: 1.27x
[coverage] Game 8400 | unique_states_cumulative: 9900/10000 (99.0%) | last100_unique: 4933
Game 8500 | Score: 0 | Record: 41 | Mean Score: 4.72 | Epsilon: 0.02 | Intrinsic: 0.000 | BufTerm: 0.058 | SampTerm: 0.063 | Oversample: 1.08x
[coverage] Game 8500 | unique_states_cumulative: 9900/10000 (99.0%) | last100_unique: 5284
Game 8600 | Score: 0 | Record: 41 | Mean Score: 4.79 | Epsilon: 0.02 | Intrinsic: 0.000 | BufTerm: 0.058 | SampTerm: 0.067 | Oversample: 1.16x
[coverage] Game 8600 | unique_states_cumulative: 9900/10000 (99.0%) | last100_unique: 5009
Game 8700 | Score: 26 | Record: 41 | Mean Score: 4.83 | Epsilon: 0.02 | Intrinsic: 0.000 | BufTerm: 0.058 | SampTerm: 0.075 | Oversample: 1.28x
[coverage] Game 8700 | unique_states_cumulative: 9900/10000 (99.0%) | last100_unique: 4219
[Game 8750] Final LR cooldown applied → 1e-5
Game 8800 | Score: 29 | Record: 41 | Mean Score: 4.87 | Epsilon: 0.02 | Intrinsic: 0.000 | BufTerm: 0.060 | SampTerm: 0.068 | Oversample: 1.14x
[coverage] Game 8800 | unique_states_cumulative: 9900/10000 (99.0%) | last100_unique: 4085
Game 8900 | Score: 0 | Record: 41 | Mean Score: 4.93 | Epsilon: 0.02 | Intrinsic: 0.000 | BufTerm: 0.059 | SampTerm: 0.085 | Oversample: 1.45x
[coverage] Game 8900 | unique_states_cumulative: 9900/10000 (99.0%) | last100_unique: 4917
Game 9000 | Score: 0 | Record: 41 | Mean Score: 4.98 | Epsilon: 0.02 | Intrinsic: 0.000 | BufTerm: 0.060 | SampTerm: 0.079 | Oversample: 1.32x
[coverage] Game 9000 | unique_states_cumulative: 9900/10000 (99.0%) | last100_unique: 4655
Game 9100 | Score: 10 | Record: 41 | Mean Score: 5.03 | Epsilon: 0.02 | Intrinsic: 0.000 | BufTerm: 0.060 | SampTerm: 0.055 | Oversample: 0.92x
[coverage] Game 9100 | unique_states_cumulative: 9900/10000 (99.0%) | last100_unique: 4486
Game 9200 | Score: 2 | Record: 41 | Mean Score: 5.07 | Epsilon: 0.02 | Intrinsic: 0.000 | BufTerm: 0.060 | SampTerm: 0.069 | Oversample: 1.16x
[coverage] Game 9200 | unique_states_cumulative: 9900/10000 (99.0%) | last100_unique: 4514
Game 9300 | Score: 19 | Record: 41 | Mean Score: 5.15 | Epsilon: 0.02 | Intrinsic: 0.000 | BufTerm: 0.058 | SampTerm: 0.075 | Oversample: 1.29x
[coverage] Game 9300 | unique_states_cumulative: 9900/10000 (99.0%) | last100_unique: 5138
Game 9400 | Score: 13 | Record: 41 | Mean Score: 5.23 | Epsilon: 0.02 | Intrinsic: 0.000 | BufTerm: 0.057 | SampTerm: 0.060 | Oversample: 1.05x
[coverage] Game 9400 | unique_states_cumulative: 9900/10000 (99.0%) | last100_unique: 5561
Game 9500 | Score: 0 | Record: 41 | Mean Score: 5.29 | Epsilon: 0.02 | Intrinsic: 0.000 | BufTerm: 0.057 | SampTerm: 0.068 | Oversample: 1.19x
[coverage] Game 9500 | unique_states_cumulative: 9900/10000 (99.0%) | last100_unique: 4755
Game 9600 | Score: 0 | Record: 41 | Mean Score: 5.32 | Epsilon: 0.02 | Intrinsic: 0.000 | BufTerm: 0.059 | SampTerm: 0.064 | Oversample: 1.09x
[coverage] Game 9600 | unique_states_cumulative: 9900/10000 (99.0%) | last100_unique: 4397
Game 9700 | Score: 0 | Record: 41 | Mean Score: 5.38 | Epsilon: 0.02 | Intrinsic: 0.000 | BufTerm: 0.058 | SampTerm: 0.057 | Oversample: 0.98x
[coverage] Game 9700 | unique_states_cumulative: 9900/10000 (99.0%) | last100_unique: 4776
Game 9800 | Score: 0 | Record: 41 | Mean Score: 5.43 | Epsilon: 0.02 | Intrinsic: 0.000 | BufTerm: 0.059 | SampTerm: 0.075 | Oversample: 1.27x
[coverage] Game 9800 | unique_states_cumulative: 9900/10000 (99.0%) | last100_unique: 4844
Game 9900 | Score: 41 | Record: 42 | Mean Score: 5.48 | Epsilon: 0.02 | Intrinsic: 0.000 | BufTerm: 0.058 | SampTerm: 0.068 | Oversample: 1.18x
[coverage] Game 9900 | unique_states_cumulative: 9900/10000 (99.0%) | last100_unique: 4704
Game 10000 | Score: 0 | Record: 43 | Mean Score: 5.52 | Epsilon: 0.02 | Intrinsic: 0.000 | BufTerm: 0.058 | SampTerm: 0.056 | Oversample: 0.97x
[coverage] Game 10000 | unique_states_cumulative: 9900/10000 (99.0%) | last100_unique: 4656

Training Complete!
Best Score: 43
Final Mean Score: 5.52
wandb: updating run metadata
wandb: uploading output.log; uploading wandb-summary.json; uploading config.yaml
wandb: uploading output.log; uploading wandb-summary.json
wandb: uploading history steps 99-99, summary, console lines 200-205
wandb: 
wandb: Run history:
wandb:        Buf_Terminal_Frac ▇▇█████████▇▇▇▇▇▇▆▆▆▃▃▂▂▁▁▁▁▁▁▁▁▁▁▁▁▁▁▁▁
wandb:      Coverage_Cumulative ▁▂▂▃▃▃▄▄▄▄▆▆▆▇▇█████████████████████████
wandb: Coverage_Cumulative_Frac ▁▃▃▄▄▄▄▅▅▅▆▆▆▇▇█████████████████████████
wandb:       Coverage_Window100 ▁▁▁▁▁▁▁▁▁▂▂▂▂▂▂▂▃▃▃▃▅▆▇▇▇▇▆▇▇▇▇▇▇▇█▆▇▇▇▇
wandb:                  Epsilon ██▇▇▆▆▆▆▆▅▅▅▄▄▃▃▃▂▂▁▁▁▁▁▁▁▁▁▁▁▁▁▁▁▁▁▁▁▁▁
wandb:                     Game ▁▁▁▁▂▂▂▂▂▂▃▃▃▃▃▃▄▄▄▄▄▅▅▅▅▆▆▆▆▆▇▇▇▇▇█████
wandb:               Mean_Score ▁▁▁▁▁▁▁▁▁▁▁▁▁▁▁▁▂▂▂▂▃▃▃▃▄▅▅▅▅▅▆▇▇▇▇▇▇▇▇█
wandb:                   Record ▁▁▁▂▂▂▂▂▂▂▂▂▃▃▃▃▄▄▄▅▇▇▇█████████████████
wandb:     Sample_Terminal_Frac █▇▆▇█▇█▇▇▇█▇▇▇█▇▇▇▇▇▄▄▃▃▂▂▁▁▂▁▂▁▁▁▁▁▁▁▁▁
wandb:                    Score ▁▁▁▁▁▁▁▁▁▁▁▁▁▂▁▂▂▂▂▁▁▂▂▁▃▁▁▁█▁▁▁▆▁█▆▇▁▅▁
wandb:                       +1 ...
wandb: 
wandb: Run summary:
wandb:        Buf_Terminal_Frac 0.0577
wandb:      Coverage_Cumulative 9900
wandb: Coverage_Cumulative_Frac 0.99
wandb:       Coverage_Window100 4656
wandb:                  Epsilon 0.02
wandb:                     Game 10000
wandb:               Mean_Score 5.5174
wandb:                   Record 43
wandb:     Sample_Terminal_Frac 0.056
wandb:                    Score 0
wandb:                       +1 ...
wandb: 
wandb: 🚀 View run FeatureDQN_v2_10x10_dense_seed2 at: https://wandb.ai/saheb37/rl-snake/runs/dt7qp7eq
wandb: ⭐️ View project at: https://wandb.ai/saheb37/rl-snake
wandb: Synced 5 W&B file(s), 0 media file(s), 0 artifact file(s) and 0 other file(s)
wandb: Find logs at: ./wandb/run-20260517_001443-dt7qp7eq/logs
