/Users/saheb/home/rl-snake/.venv/lib/python3.9/site-packages/urllib3/__init__.py:35: NotOpenSSLWarning: urllib3 v2 only supports OpenSSL 1.1.1+, currently the 'ssl' module is compiled with 'LibreSSL 2.8.3'. See: https://github.com/urllib3/urllib3/issues/3020
  warnings.warn(
wandb: [wandb.login()] Loaded credentials for https://api.wandb.ai from /Users/saheb/.netrc.
wandb: Currently logged in as: saheb37 to https://api.wandb.ai. Use `wandb login --relogin` to force relogin
wandb: setting up run o8v0i2dh
wandb: Tracking run with wandb version 0.26.0
wandb: Run data is saved locally in /Users/saheb/home/rl-snake/wandb/run-20260513_121130-o8v0i2dh
wandb: Run `wandb offline` to turn off syncing.
wandb: Syncing run FeatureDQN_16x16_dense_seed2
wandb: ⭐️ View project at https://wandb.ai/saheb37/rl-snake
wandb: 🚀 View run at https://wandb.ai/saheb37/rl-snake/runs/o8v0i2dh
Starting Baseline DQN Training (Dueling + 3-Step) on 16x16 Board...
Game 100 | Score: 0 | Record: 3 | Mean Score: 0.11 | Epsilon: 0.96 | Intrinsic: 0.000 | BufTerm: 0.191 | SampTerm: 0.204 | Oversample: 1.07x
[coverage] Game 100 | unique_states_cumulative: 1771/65536 (2.7%) | last100_unique: 1771
Game 200 | Score: 0 | Record: 3 | Mean Score: 0.08 | Epsilon: 0.92 | Intrinsic: 0.000 | BufTerm: 0.201 | SampTerm: 0.160 | Oversample: 0.80x
[coverage] Game 200 | unique_states_cumulative: 3170/65536 (4.8%) | last100_unique: 1592
Game 300 | Score: 0 | Record: 3 | Mean Score: 0.07 | Epsilon: 0.88 | Intrinsic: 0.000 | BufTerm: 0.209 | SampTerm: 0.177 | Oversample: 0.85x
[coverage] Game 300 | unique_states_cumulative: 4479/65536 (6.8%) | last100_unique: 1532
Game 400 | Score: 0 | Record: 3 | Mean Score: 0.07 | Epsilon: 0.84 | Intrinsic: 0.000 | BufTerm: 0.218 | SampTerm: 0.193 | Oversample: 0.89x
[coverage] Game 400 | unique_states_cumulative: 5506/65536 (8.4%) | last100_unique: 1399
Game 500 | Score: 0 | Record: 3 | Mean Score: 0.07 | Epsilon: 0.80 | Intrinsic: 0.000 | BufTerm: 0.221 | SampTerm: 0.205 | Oversample: 0.93x
[coverage] Game 500 | unique_states_cumulative: 6646/65536 (10.1%) | last100_unique: 1509
Game 600 | Score: 0 | Record: 3 | Mean Score: 0.07 | Epsilon: 0.77 | Intrinsic: 0.000 | BufTerm: 0.225 | SampTerm: 0.183 | Oversample: 0.81x
[coverage] Game 600 | unique_states_cumulative: 7547/65536 (11.5%) | last100_unique: 1429
Game 700 | Score: 0 | Record: 3 | Mean Score: 0.07 | Epsilon: 0.73 | Intrinsic: 0.000 | BufTerm: 0.232 | SampTerm: 0.181 | Oversample: 0.78x
[coverage] Game 700 | unique_states_cumulative: 8290/65536 (12.6%) | last100_unique: 1280
Game 800 | Score: 0 | Record: 3 | Mean Score: 0.08 | Epsilon: 0.69 | Intrinsic: 0.000 | BufTerm: 0.234 | SampTerm: 0.168 | Oversample: 0.72x
[coverage] Game 800 | unique_states_cumulative: 9213/65536 (14.1%) | last100_unique: 1482
Game 900 | Score: 0 | Record: 3 | Mean Score: 0.08 | Epsilon: 0.65 | Intrinsic: 0.000 | BufTerm: 0.240 | SampTerm: 0.191 | Oversample: 0.80x
[coverage] Game 900 | unique_states_cumulative: 9824/65536 (15.0%) | last100_unique: 1250
Game 1000 | Score: 0 | Record: 3 | Mean Score: 0.09 | Epsilon: 0.61 | Intrinsic: 0.000 | BufTerm: 0.241 | SampTerm: 0.195 | Oversample: 0.81x
[coverage] Game 1000 | unique_states_cumulative: 10614/65536 (16.2%) | last100_unique: 1462
Game 1100 | Score: 0 | Record: 3 | Mean Score: 0.10 | Epsilon: 0.57 | Intrinsic: 0.000 | BufTerm: 0.243 | SampTerm: 0.191 | Oversample: 0.78x
[coverage] Game 1100 | unique_states_cumulative: 11244/65536 (17.2%) | last100_unique: 1366
Game 1200 | Score: 4 | Record: 4 | Mean Score: 0.12 | Epsilon: 0.53 | Intrinsic: 0.000 | BufTerm: 0.242 | SampTerm: 0.181 | Oversample: 0.75x
[coverage] Game 1200 | unique_states_cumulative: 12105/65536 (18.5%) | last100_unique: 1648
Game 1300 | Score: 0 | Record: 6 | Mean Score: 0.14 | Epsilon: 0.49 | Intrinsic: 0.000 | BufTerm: 0.240 | SampTerm: 0.203 | Oversample: 0.84x
[coverage] Game 1300 | unique_states_cumulative: 12981/65536 (19.8%) | last100_unique: 1738
Game 1400 | Score: 0 | Record: 6 | Mean Score: 0.16 | Epsilon: 0.45 | Intrinsic: 0.000 | BufTerm: 0.239 | SampTerm: 0.183 | Oversample: 0.76x
[coverage] Game 1400 | unique_states_cumulative: 13725/65536 (20.9%) | last100_unique: 1614
Game 1500 | Score: 2 | Record: 7 | Mean Score: 0.20 | Epsilon: 0.41 | Intrinsic: 0.000 | BufTerm: 0.235 | SampTerm: 0.163 | Oversample: 0.69x
[coverage] Game 1500 | unique_states_cumulative: 14884/65536 (22.7%) | last100_unique: 2141
Game 1600 | Score: 0 | Record: 7 | Mean Score: 0.26 | Epsilon: 0.37 | Intrinsic: 0.000 | BufTerm: 0.228 | SampTerm: 0.176 | Oversample: 0.77x
[coverage] Game 1600 | unique_states_cumulative: 16308/65536 (24.9%) | last100_unique: 2655
Game 1700 | Score: 0 | Record: 9 | Mean Score: 0.31 | Epsilon: 0.33 | Intrinsic: 0.000 | BufTerm: 0.224 | SampTerm: 0.211 | Oversample: 0.94x
[coverage] Game 1700 | unique_states_cumulative: 17483/65536 (26.7%) | last100_unique: 2366
Game 1800 | Score: 0 | Record: 10 | Mean Score: 0.39 | Epsilon: 0.29 | Intrinsic: 0.000 | BufTerm: 0.217 | SampTerm: 0.187 | Oversample: 0.86x
[coverage] Game 1800 | unique_states_cumulative: 18865/65536 (28.8%) | last100_unique: 2941
Game 1900 | Score: 0 | Record: 11 | Mean Score: 0.48 | Epsilon: 0.26 | Intrinsic: 0.000 | BufTerm: 0.210 | SampTerm: 0.221 | Oversample: 1.06x
[coverage] Game 1900 | unique_states_cumulative: 20422/65536 (31.2%) | last100_unique: 3202
Game 2000 | Score: 3 | Record: 13 | Mean Score: 0.56 | Epsilon: 0.22 | Intrinsic: 0.000 | BufTerm: 0.203 | SampTerm: 0.199 | Oversample: 0.98x
[coverage] Game 2000 | unique_states_cumulative: 21939/65536 (33.5%) | last100_unique: 3298
Game 2100 | Score: 11 | Record: 18 | Mean Score: 0.68 | Epsilon: 0.18 | Intrinsic: 0.000 | BufTerm: 0.194 | SampTerm: 0.203 | Oversample: 1.04x
[coverage] Game 2100 | unique_states_cumulative: 23770/65536 (36.3%) | last100_unique: 4247
Game 2200 | Score: 4 | Record: 19 | Mean Score: 0.81 | Epsilon: 0.14 | Intrinsic: 0.000 | BufTerm: 0.184 | SampTerm: 0.180 | Oversample: 0.98x
[coverage] Game 2200 | unique_states_cumulative: 25681/65536 (39.2%) | last100_unique: 4737
Game 2300 | Score: 3 | Record: 27 | Mean Score: 0.96 | Epsilon: 0.10 | Intrinsic: 0.000 | BufTerm: 0.175 | SampTerm: 0.176 | Oversample: 1.00x
[coverage] Game 2300 | unique_states_cumulative: 27542/65536 (42.0%) | last100_unique: 5051
Game 2400 | Score: 0 | Record: 29 | Mean Score: 1.16 | Epsilon: 0.06 | Intrinsic: 0.000 | BufTerm: 0.163 | SampTerm: 0.165 | Oversample: 1.01x
[coverage] Game 2400 | unique_states_cumulative: 29832/65536 (45.5%) | last100_unique: 6474
Game 2500 | Score: 0 | Record: 34 | Mean Score: 1.43 | Epsilon: 0.02 | Intrinsic: 0.000 | BufTerm: 0.150 | SampTerm: 0.177 | Oversample: 1.18x
[coverage] Game 2500 | unique_states_cumulative: 32528/65536 (49.6%) | last100_unique: 7938
Game 2600 | Score: 27 | Record: 43 | Mean Score: 1.67 | Epsilon: 0.02 | Intrinsic: 0.000 | BufTerm: 0.139 | SampTerm: 0.160 | Oversample: 1.15x
[coverage] Game 2600 | unique_states_cumulative: 34871/65536 (53.2%) | last100_unique: 7980
Game 2700 | Score: 0 | Record: 43 | Mean Score: 2.00 | Epsilon: 0.02 | Intrinsic: 0.000 | BufTerm: 0.122 | SampTerm: 0.164 | Oversample: 1.35x
[coverage] Game 2700 | unique_states_cumulative: 37837/65536 (57.7%) | last100_unique: 10195
Game 2800 | Score: 0 | Record: 43 | Mean Score: 2.19 | Epsilon: 0.02 | Intrinsic: 0.000 | BufTerm: 0.103 | SampTerm: 0.161 | Oversample: 1.56x
[coverage] Game 2800 | unique_states_cumulative: 39472/65536 (60.2%) | last100_unique: 7644
Game 2900 | Score: 0 | Record: 43 | Mean Score: 2.39 | Epsilon: 0.02 | Intrinsic: 0.000 | BufTerm: 0.082 | SampTerm: 0.109 | Oversample: 1.33x
[coverage] Game 2900 | unique_states_cumulative: 41266/65536 (63.0%) | last100_unique: 8156
Game 3000 | Score: 0 | Record: 43 | Mean Score: 2.61 | Epsilon: 0.02 | Intrinsic: 0.000 | BufTerm: 0.066 | SampTerm: 0.109 | Oversample: 1.66x
[coverage] Game 3000 | unique_states_cumulative: 43096/65536 (65.8%) | last100_unique: 9067
Game 3100 | Score: 0 | Record: 43 | Mean Score: 2.84 | Epsilon: 0.02 | Intrinsic: 0.000 | BufTerm: 0.054 | SampTerm: 0.092 | Oversample: 1.69x
[coverage] Game 3100 | unique_states_cumulative: 44738/65536 (68.3%) | last100_unique: 9359
Game 3200 | Score: 0 | Record: 43 | Mean Score: 3.02 | Epsilon: 0.02 | Intrinsic: 0.000 | BufTerm: 0.048 | SampTerm: 0.060 | Oversample: 1.24x
[coverage] Game 3200 | unique_states_cumulative: 46048/65536 (70.3%) | last100_unique: 8773
Game 3300 | Score: 0 | Record: 43 | Mean Score: 3.22 | Epsilon: 0.02 | Intrinsic: 0.000 | BufTerm: 0.045 | SampTerm: 0.057 | Oversample: 1.26x
[coverage] Game 3300 | unique_states_cumulative: 47430/65536 (72.4%) | last100_unique: 9452
Game 3400 | Score: 0 | Record: 43 | Mean Score: 3.36 | Epsilon: 0.02 | Intrinsic: 0.000 | BufTerm: 0.045 | SampTerm: 0.059 | Oversample: 1.30x
[coverage] Game 3400 | unique_states_cumulative: 48446/65536 (73.9%) | last100_unique: 8084
Game 3500 | Score: 0 | Record: 43 | Mean Score: 3.52 | Epsilon: 0.02 | Intrinsic: 0.000 | BufTerm: 0.044 | SampTerm: 0.064 | Oversample: 1.44x
[coverage] Game 3500 | unique_states_cumulative: 49425/65536 (75.4%) | last100_unique: 9165
Game 3600 | Score: 18 | Record: 43 | Mean Score: 3.69 | Epsilon: 0.02 | Intrinsic: 0.000 | BufTerm: 0.045 | SampTerm: 0.061 | Oversample: 1.37x
[coverage] Game 3600 | unique_states_cumulative: 50513/65536 (77.1%) | last100_unique: 9568
Game 3700 | Score: 0 | Record: 43 | Mean Score: 3.79 | Epsilon: 0.02 | Intrinsic: 0.000 | BufTerm: 0.045 | SampTerm: 0.047 | Oversample: 1.04x
[coverage] Game 3700 | unique_states_cumulative: 51294/65536 (78.3%) | last100_unique: 7688
Game 3800 | Score: 18 | Record: 43 | Mean Score: 3.90 | Epsilon: 0.02 | Intrinsic: 0.000 | BufTerm: 0.045 | SampTerm: 0.063 | Oversample: 1.40x
[coverage] Game 3800 | unique_states_cumulative: 52016/65536 (79.4%) | last100_unique: 7951
Game 3900 | Score: 0 | Record: 43 | Mean Score: 4.03 | Epsilon: 0.02 | Intrinsic: 0.000 | BufTerm: 0.045 | SampTerm: 0.061 | Oversample: 1.37x
[coverage] Game 3900 | unique_states_cumulative: 52774/65536 (80.5%) | last100_unique: 8802
Game 4000 | Score: 21 | Record: 43 | Mean Score: 4.18 | Epsilon: 0.02 | Intrinsic: 0.000 | BufTerm: 0.045 | SampTerm: 0.068 | Oversample: 1.52x
[coverage] Game 4000 | unique_states_cumulative: 53522/65536 (81.7%) | last100_unique: 9558
Game 4100 | Score: 0 | Record: 43 | Mean Score: 4.33 | Epsilon: 0.02 | Intrinsic: 0.000 | BufTerm: 0.044 | SampTerm: 0.057 | Oversample: 1.30x
[coverage] Game 4100 | unique_states_cumulative: 54360/65536 (82.9%) | last100_unique: 10435
Game 4200 | Score: 0 | Record: 43 | Mean Score: 4.44 | Epsilon: 0.02 | Intrinsic: 0.000 | BufTerm: 0.044 | SampTerm: 0.059 | Oversample: 1.34x
[coverage] Game 4200 | unique_states_cumulative: 55005/65536 (83.9%) | last100_unique: 9017
Game 4300 | Score: 0 | Record: 43 | Mean Score: 4.55 | Epsilon: 0.02 | Intrinsic: 0.000 | BufTerm: 0.043 | SampTerm: 0.047 | Oversample: 1.08x
[coverage] Game 4300 | unique_states_cumulative: 55641/65536 (84.9%) | last100_unique: 9142
[Game 4375] Final LR cooldown applied → 1e-5
Game 4400 | Score: 15 | Record: 43 | Mean Score: 4.68 | Epsilon: 0.02 | Intrinsic: 0.000 | BufTerm: 0.043 | SampTerm: 0.083 | Oversample: 1.90x
[coverage] Game 4400 | unique_states_cumulative: 56213/65536 (85.8%) | last100_unique: 9679
Game 4500 | Score: 0 | Record: 43 | Mean Score: 4.80 | Epsilon: 0.02 | Intrinsic: 0.000 | BufTerm: 0.042 | SampTerm: 0.080 | Oversample: 1.92x
[coverage] Game 4500 | unique_states_cumulative: 56796/65536 (86.7%) | last100_unique: 10053
Game 4600 | Score: 19 | Record: 49 | Mean Score: 4.93 | Epsilon: 0.02 | Intrinsic: 0.000 | BufTerm: 0.041 | SampTerm: 0.071 | Oversample: 1.74x
[coverage] Game 4600 | unique_states_cumulative: 57334/65536 (87.5%) | last100_unique: 10045
Game 4700 | Score: 0 | Record: 49 | Mean Score: 5.03 | Epsilon: 0.02 | Intrinsic: 0.000 | BufTerm: 0.040 | SampTerm: 0.079 | Oversample: 1.97x
[coverage] Game 4700 | unique_states_cumulative: 57825/65536 (88.2%) | last100_unique: 9814
Game 4800 | Score: 0 | Record: 49 | Mean Score: 5.12 | Epsilon: 0.02 | Intrinsic: 0.000 | BufTerm: 0.040 | SampTerm: 0.072 | Oversample: 1.79x
[coverage] Game 4800 | unique_states_cumulative: 58204/65536 (88.8%) | last100_unique: 9003
Game 4900 | Score: 0 | Record: 49 | Mean Score: 5.23 | Epsilon: 0.02 | Intrinsic: 0.000 | BufTerm: 0.040 | SampTerm: 0.069 | Oversample: 1.72x
[coverage] Game 4900 | unique_states_cumulative: 58609/65536 (89.4%) | last100_unique: 10252
Game 5000 | Score: 1 | Record: 49 | Mean Score: 5.37 | Epsilon: 0.02 | Intrinsic: 0.000 | BufTerm: 0.038 | SampTerm: 0.061 | Oversample: 1.60x
[coverage] Game 5000 | unique_states_cumulative: 59065/65536 (90.1%) | last100_unique: 11505

Training Complete!
Best Score: 49
Final Mean Score: 5.37
wandb: updating run metadata
wandb: uploading output.log; uploading wandb-summary.json; uploading config.yaml
wandb: uploading history steps 49-49, summary, console lines 100-105
wandb: 
wandb: Run history:
wandb:        Buf_Terminal_Frac ▆▇▇▇▇████████▇▇▇▇▆▆▆▅▄▄▃▂▂▁▁▁▁▁▁▁▁▁▁▁▁▁▁
wandb:      Coverage_Cumulative ▁▁▁▁▂▂▂▂▂▂▂▃▃▃▃▃▄▄▄▄▅▅▆▆▆▆▇▇▇▇▇▇▇▇██████
wandb: Coverage_Cumulative_Frac ▁▁▁▂▂▂▂▂▂▂▂▃▃▃▃▃▄▄▄▄▅▅▆▆▆▆▇▇▇▇▇▇▇███████
wandb:       Coverage_Window100 ▁▁▁▁▁▁▁▁▁▁▁▂▂▂▂▃▃▄▅▆▇▅▆▆▇▇▆▆▇▅▆▇▇▆▆▇▇▇▆█
wandb:                  Epsilon ██▇▇▇▆▆▅▅▅▄▄▄▃▃▂▂▂▁▁▁▁▁▁▁▁▁▁▁▁▁▁▁▁▁▁▁▁▁▁
wandb:                     Game ▁▁▁▁▂▂▂▂▂▂▃▃▃▃▄▄▄▄▄▄▅▅▅▅▅▆▆▆▆▆▆▇▇▇▇▇▇███
wandb:               Mean_Score ▁▁▁▁▁▁▁▁▁▁▁▁▁▁▁▂▂▂▂▂▃▄▄▄▄▅▅▅▆▆▆▆▆▇▇▇▇███
wandb:                   Record ▁▁▁▁▁▁▁▁▁▁▁▁▂▂▂▂▃▃▃▅▇▇▇▇▇▇▇▇▇▇▇▇▇▇▇▇████
wandb:     Sample_Terminal_Frac ▇▅▆▇▇▆▆▇▇▇▇▆▅▆██▇▇▆▆▅▆▅▃▃▁▁▁▁▁▁▁▁▁▁▂▂▂▂▁
wandb:                    Score ▁▁▁▁▁▁▁▁▁▁▁▁▂▁▁▂▄▂▂▁█▁▁▁▁▁▁▁▁▆▆▁▆▁▁▅▁▆▁▁
wandb:                       +1 ...
wandb: 
wandb: Run summary:
wandb:        Buf_Terminal_Frac 0.03845
wandb:      Coverage_Cumulative 59065
wandb: Coverage_Cumulative_Frac 0.90126
wandb:       Coverage_Window100 11505
wandb:                  Epsilon 0.02
wandb:                     Game 5000
wandb:               Mean_Score 5.3692
wandb:                   Record 49
wandb:     Sample_Terminal_Frac 0.06133
wandb:                    Score 1
wandb:                       +1 ...
wandb: 
wandb: 🚀 View run FeatureDQN_16x16_dense_seed2 at: https://wandb.ai/saheb37/rl-snake/runs/o8v0i2dh
wandb: ⭐️ View project at: https://wandb.ai/saheb37/rl-snake
wandb: Synced 5 W&B file(s), 0 media file(s), 0 artifact file(s) and 0 other file(s)
wandb: Find logs at: ./wandb/run-20260513_121130-o8v0i2dh/logs
