/Users/saheb/home/rl-snake/.venv/lib/python3.9/site-packages/urllib3/__init__.py:35: NotOpenSSLWarning: urllib3 v2 only supports OpenSSL 1.1.1+, currently the 'ssl' module is compiled with 'LibreSSL 2.8.3'. See: https://github.com/urllib3/urllib3/issues/3020
  warnings.warn(
wandb: [wandb.login()] Loaded credentials for https://api.wandb.ai from /Users/saheb/.netrc.
wandb: Currently logged in as: saheb37 to https://api.wandb.ai. Use `wandb login --relogin` to force relogin
wandb: setting up run tomjh5u0
wandb: Tracking run with wandb version 0.26.0
wandb: Run data is saved locally in /Users/saheb/home/rl-snake/wandb/run-20260513_114939-tomjh5u0
wandb: Run `wandb offline` to turn off syncing.
wandb: Syncing run FeatureDQN_16x16_dense_seed1
wandb: ⭐️ View project at https://wandb.ai/saheb37/rl-snake
wandb: 🚀 View run at https://wandb.ai/saheb37/rl-snake/runs/tomjh5u0
Starting Baseline DQN Training (Dueling + 3-Step) on 16x16 Board...
Game 100 | Score: 0 | Record: 2 | Mean Score: 0.05 | Epsilon: 0.96 | Intrinsic: 0.000 | BufTerm: 0.198 | SampTerm: 0.205 | Oversample: 1.04x
[coverage] Game 100 | unique_states_cumulative: 1677/65536 (2.6%) | last100_unique: 1677
Game 200 | Score: 0 | Record: 2 | Mean Score: 0.04 | Epsilon: 0.92 | Intrinsic: 0.000 | BufTerm: 0.213 | SampTerm: 0.171 | Oversample: 0.80x
[coverage] Game 200 | unique_states_cumulative: 3064/65536 (4.7%) | last100_unique: 1464
Game 300 | Score: 0 | Record: 2 | Mean Score: 0.05 | Epsilon: 0.88 | Intrinsic: 0.000 | BufTerm: 0.219 | SampTerm: 0.168 | Oversample: 0.77x
[coverage] Game 300 | unique_states_cumulative: 4265/65536 (6.5%) | last100_unique: 1489
Game 400 | Score: 0 | Record: 2 | Mean Score: 0.04 | Epsilon: 0.84 | Intrinsic: 0.000 | BufTerm: 0.224 | SampTerm: 0.183 | Oversample: 0.82x
[coverage] Game 400 | unique_states_cumulative: 5447/65536 (8.3%) | last100_unique: 1477
Game 500 | Score: 0 | Record: 2 | Mean Score: 0.05 | Epsilon: 0.80 | Intrinsic: 0.000 | BufTerm: 0.228 | SampTerm: 0.181 | Oversample: 0.80x
[coverage] Game 500 | unique_states_cumulative: 6522/65536 (10.0%) | last100_unique: 1493
Game 600 | Score: 0 | Record: 2 | Mean Score: 0.06 | Epsilon: 0.77 | Intrinsic: 0.000 | BufTerm: 0.233 | SampTerm: 0.167 | Oversample: 0.71x
[coverage] Game 600 | unique_states_cumulative: 7383/65536 (11.3%) | last100_unique: 1393
Game 700 | Score: 0 | Record: 2 | Mean Score: 0.06 | Epsilon: 0.73 | Intrinsic: 0.000 | BufTerm: 0.236 | SampTerm: 0.184 | Oversample: 0.78x
[coverage] Game 700 | unique_states_cumulative: 8327/65536 (12.7%) | last100_unique: 1467
Game 800 | Score: 1 | Record: 2 | Mean Score: 0.08 | Epsilon: 0.69 | Intrinsic: 0.000 | BufTerm: 0.235 | SampTerm: 0.168 | Oversample: 0.72x
[coverage] Game 800 | unique_states_cumulative: 9339/65536 (14.3%) | last100_unique: 1616
Game 900 | Score: 0 | Record: 3 | Mean Score: 0.08 | Epsilon: 0.65 | Intrinsic: 0.000 | BufTerm: 0.238 | SampTerm: 0.175 | Oversample: 0.74x
[coverage] Game 900 | unique_states_cumulative: 10092/65536 (15.4%) | last100_unique: 1436
Game 1000 | Score: 0 | Record: 3 | Mean Score: 0.09 | Epsilon: 0.61 | Intrinsic: 0.000 | BufTerm: 0.240 | SampTerm: 0.211 | Oversample: 0.88x
[coverage] Game 1000 | unique_states_cumulative: 10819/65536 (16.5%) | last100_unique: 1372
Game 1100 | Score: 1 | Record: 4 | Mean Score: 0.11 | Epsilon: 0.57 | Intrinsic: 0.000 | BufTerm: 0.238 | SampTerm: 0.167 | Oversample: 0.70x
[coverage] Game 1100 | unique_states_cumulative: 11685/65536 (17.8%) | last100_unique: 1629
Game 1200 | Score: 0 | Record: 4 | Mean Score: 0.13 | Epsilon: 0.53 | Intrinsic: 0.000 | BufTerm: 0.236 | SampTerm: 0.189 | Oversample: 0.80x
[coverage] Game 1200 | unique_states_cumulative: 12563/65536 (19.2%) | last100_unique: 1714
Game 1300 | Score: 5 | Record: 5 | Mean Score: 0.16 | Epsilon: 0.49 | Intrinsic: 0.000 | BufTerm: 0.233 | SampTerm: 0.177 | Oversample: 0.76x
[coverage] Game 1300 | unique_states_cumulative: 13561/65536 (20.7%) | last100_unique: 1898
Game 1400 | Score: 4 | Record: 5 | Mean Score: 0.20 | Epsilon: 0.45 | Intrinsic: 0.000 | BufTerm: 0.230 | SampTerm: 0.175 | Oversample: 0.76x
[coverage] Game 1400 | unique_states_cumulative: 14616/65536 (22.3%) | last100_unique: 1943
Game 1500 | Score: 0 | Record: 6 | Mean Score: 0.23 | Epsilon: 0.41 | Intrinsic: 0.000 | BufTerm: 0.227 | SampTerm: 0.189 | Oversample: 0.83x
[coverage] Game 1500 | unique_states_cumulative: 15591/65536 (23.8%) | last100_unique: 2119
Game 1600 | Score: 2 | Record: 8 | Mean Score: 0.31 | Epsilon: 0.37 | Intrinsic: 0.000 | BufTerm: 0.218 | SampTerm: 0.160 | Oversample: 0.73x
[coverage] Game 1600 | unique_states_cumulative: 17218/65536 (26.3%) | last100_unique: 3005
Game 1700 | Score: 0 | Record: 11 | Mean Score: 0.40 | Epsilon: 0.33 | Intrinsic: 0.000 | BufTerm: 0.208 | SampTerm: 0.200 | Oversample: 0.96x
[coverage] Game 1700 | unique_states_cumulative: 18924/65536 (28.9%) | last100_unique: 3412
Game 1800 | Score: 4 | Record: 11 | Mean Score: 0.47 | Epsilon: 0.29 | Intrinsic: 0.000 | BufTerm: 0.202 | SampTerm: 0.193 | Oversample: 0.96x
[coverage] Game 1800 | unique_states_cumulative: 20516/65536 (31.3%) | last100_unique: 3253
Game 1900 | Score: 1 | Record: 16 | Mean Score: 0.55 | Epsilon: 0.26 | Intrinsic: 0.000 | BufTerm: 0.195 | SampTerm: 0.192 | Oversample: 0.98x
[coverage] Game 1900 | unique_states_cumulative: 22109/65536 (33.7%) | last100_unique: 3365
Game 2000 | Score: 3 | Record: 16 | Mean Score: 0.62 | Epsilon: 0.22 | Intrinsic: 0.000 | BufTerm: 0.191 | SampTerm: 0.173 | Oversample: 0.91x
[coverage] Game 2000 | unique_states_cumulative: 23244/65536 (35.5%) | last100_unique: 3084
Game 2100 | Score: 0 | Record: 17 | Mean Score: 0.71 | Epsilon: 0.18 | Intrinsic: 0.000 | BufTerm: 0.186 | SampTerm: 0.184 | Oversample: 0.99x
[coverage] Game 2100 | unique_states_cumulative: 24590/65536 (37.5%) | last100_unique: 3480
Game 2200 | Score: 15 | Record: 23 | Mean Score: 0.84 | Epsilon: 0.14 | Intrinsic: 0.000 | BufTerm: 0.177 | SampTerm: 0.183 | Oversample: 1.03x
[coverage] Game 2200 | unique_states_cumulative: 26461/65536 (40.4%) | last100_unique: 4917
Game 2300 | Score: 6 | Record: 23 | Mean Score: 0.95 | Epsilon: 0.10 | Intrinsic: 0.000 | BufTerm: 0.171 | SampTerm: 0.165 | Oversample: 0.97x
[coverage] Game 2300 | unique_states_cumulative: 27999/65536 (42.7%) | last100_unique: 4502
Game 2400 | Score: 0 | Record: 25 | Mean Score: 1.12 | Epsilon: 0.06 | Intrinsic: 0.000 | BufTerm: 0.161 | SampTerm: 0.180 | Oversample: 1.12x
[coverage] Game 2400 | unique_states_cumulative: 30005/65536 (45.8%) | last100_unique: 5886
Game 2500 | Score: 0 | Record: 27 | Mean Score: 1.37 | Epsilon: 0.02 | Intrinsic: 0.000 | BufTerm: 0.149 | SampTerm: 0.165 | Oversample: 1.11x
[coverage] Game 2500 | unique_states_cumulative: 32554/65536 (49.7%) | last100_unique: 7662
Game 2600 | Score: 0 | Record: 41 | Mean Score: 1.70 | Epsilon: 0.02 | Intrinsic: 0.000 | BufTerm: 0.135 | SampTerm: 0.165 | Oversample: 1.22x
[coverage] Game 2600 | unique_states_cumulative: 35535/65536 (54.2%) | last100_unique: 9468
Game 2700 | Score: 11 | Record: 41 | Mean Score: 1.86 | Epsilon: 0.02 | Intrinsic: 0.000 | BufTerm: 0.127 | SampTerm: 0.145 | Oversample: 1.14x
[coverage] Game 2700 | unique_states_cumulative: 37106/65536 (56.6%) | last100_unique: 6528
Game 2800 | Score: 0 | Record: 41 | Mean Score: 2.12 | Epsilon: 0.02 | Intrinsic: 0.000 | BufTerm: 0.105 | SampTerm: 0.149 | Oversample: 1.42x
[coverage] Game 2800 | unique_states_cumulative: 39188/65536 (59.8%) | last100_unique: 8715
Game 2900 | Score: 15 | Record: 44 | Mean Score: 2.39 | Epsilon: 0.02 | Intrinsic: 0.000 | BufTerm: 0.081 | SampTerm: 0.124 | Oversample: 1.53x
[coverage] Game 2900 | unique_states_cumulative: 41247/65536 (62.9%) | last100_unique: 9623
Game 3000 | Score: 0 | Record: 44 | Mean Score: 2.59 | Epsilon: 0.02 | Intrinsic: 0.000 | BufTerm: 0.069 | SampTerm: 0.107 | Oversample: 1.54x
[coverage] Game 3000 | unique_states_cumulative: 42809/65536 (65.3%) | last100_unique: 8066
Game 3100 | Score: 11 | Record: 44 | Mean Score: 2.75 | Epsilon: 0.02 | Intrinsic: 0.000 | BufTerm: 0.062 | SampTerm: 0.095 | Oversample: 1.54x
[coverage] Game 3100 | unique_states_cumulative: 44271/65536 (67.6%) | last100_unique: 8031
Game 3200 | Score: 0 | Record: 44 | Mean Score: 2.96 | Epsilon: 0.02 | Intrinsic: 0.000 | BufTerm: 0.052 | SampTerm: 0.076 | Oversample: 1.46x
[coverage] Game 3200 | unique_states_cumulative: 45735/65536 (69.8%) | last100_unique: 9130
Game 3300 | Score: 0 | Record: 44 | Mean Score: 3.17 | Epsilon: 0.02 | Intrinsic: 0.000 | BufTerm: 0.047 | SampTerm: 0.068 | Oversample: 1.44x
[coverage] Game 3300 | unique_states_cumulative: 47249/65536 (72.1%) | last100_unique: 9623
Game 3400 | Score: 0 | Record: 44 | Mean Score: 3.33 | Epsilon: 0.02 | Intrinsic: 0.000 | BufTerm: 0.046 | SampTerm: 0.072 | Oversample: 1.57x
[coverage] Game 3400 | unique_states_cumulative: 48450/65536 (73.9%) | last100_unique: 8782
Game 3500 | Score: 12 | Record: 54 | Mean Score: 3.52 | Epsilon: 0.02 | Intrinsic: 0.000 | BufTerm: 0.046 | SampTerm: 0.076 | Oversample: 1.66x
[coverage] Game 3500 | unique_states_cumulative: 49647/65536 (75.8%) | last100_unique: 9782
Game 3600 | Score: 0 | Record: 54 | Mean Score: 3.65 | Epsilon: 0.02 | Intrinsic: 0.000 | BufTerm: 0.044 | SampTerm: 0.085 | Oversample: 1.93x
[coverage] Game 3600 | unique_states_cumulative: 50626/65536 (77.2%) | last100_unique: 8378
Game 3700 | Score: 22 | Record: 54 | Mean Score: 3.78 | Epsilon: 0.02 | Intrinsic: 0.000 | BufTerm: 0.044 | SampTerm: 0.075 | Oversample: 1.68x
[coverage] Game 3700 | unique_states_cumulative: 51522/65536 (78.6%) | last100_unique: 8716
Game 3800 | Score: 26 | Record: 54 | Mean Score: 3.95 | Epsilon: 0.02 | Intrinsic: 0.000 | BufTerm: 0.044 | SampTerm: 0.056 | Oversample: 1.27x
[coverage] Game 3800 | unique_states_cumulative: 52486/65536 (80.1%) | last100_unique: 9636
Game 3900 | Score: 0 | Record: 54 | Mean Score: 4.11 | Epsilon: 0.02 | Intrinsic: 0.000 | BufTerm: 0.043 | SampTerm: 0.067 | Oversample: 1.55x
[coverage] Game 3900 | unique_states_cumulative: 53387/65536 (81.5%) | last100_unique: 9851
Game 4000 | Score: 30 | Record: 54 | Mean Score: 4.24 | Epsilon: 0.02 | Intrinsic: 0.000 | BufTerm: 0.043 | SampTerm: 0.065 | Oversample: 1.54x
[coverage] Game 4000 | unique_states_cumulative: 54107/65536 (82.6%) | last100_unique: 9169
Game 4100 | Score: 0 | Record: 54 | Mean Score: 4.31 | Epsilon: 0.02 | Intrinsic: 0.000 | BufTerm: 0.044 | SampTerm: 0.064 | Oversample: 1.46x
[coverage] Game 4100 | unique_states_cumulative: 54611/65536 (83.3%) | last100_unique: 7407
Game 4200 | Score: 0 | Record: 54 | Mean Score: 4.39 | Epsilon: 0.02 | Intrinsic: 0.000 | BufTerm: 0.044 | SampTerm: 0.071 | Oversample: 1.59x
[coverage] Game 4200 | unique_states_cumulative: 55136/65536 (84.1%) | last100_unique: 8451
Game 4300 | Score: 0 | Record: 54 | Mean Score: 4.47 | Epsilon: 0.02 | Intrinsic: 0.000 | BufTerm: 0.045 | SampTerm: 0.056 | Oversample: 1.25x
[coverage] Game 4300 | unique_states_cumulative: 55625/65536 (84.9%) | last100_unique: 8003
[Game 4375] Final LR cooldown applied → 1e-5
Game 4400 | Score: 14 | Record: 54 | Mean Score: 4.56 | Epsilon: 0.02 | Intrinsic: 0.000 | BufTerm: 0.046 | SampTerm: 0.076 | Oversample: 1.66x
[coverage] Game 4400 | unique_states_cumulative: 56150/65536 (85.7%) | last100_unique: 8789
Game 4500 | Score: 46 | Record: 54 | Mean Score: 4.68 | Epsilon: 0.02 | Intrinsic: 0.000 | BufTerm: 0.045 | SampTerm: 0.055 | Oversample: 1.21x
[coverage] Game 4500 | unique_states_cumulative: 56674/65536 (86.5%) | last100_unique: 9649
Game 4600 | Score: 0 | Record: 54 | Mean Score: 4.81 | Epsilon: 0.02 | Intrinsic: 0.000 | BufTerm: 0.044 | SampTerm: 0.075 | Oversample: 1.69x
[coverage] Game 4600 | unique_states_cumulative: 57181/65536 (87.3%) | last100_unique: 9729
Game 4700 | Score: 0 | Record: 54 | Mean Score: 4.90 | Epsilon: 0.02 | Intrinsic: 0.000 | BufTerm: 0.045 | SampTerm: 0.071 | Oversample: 1.58x
[coverage] Game 4700 | unique_states_cumulative: 57533/65536 (87.8%) | last100_unique: 9057
Game 4800 | Score: 19 | Record: 54 | Mean Score: 5.04 | Epsilon: 0.02 | Intrinsic: 0.000 | BufTerm: 0.044 | SampTerm: 0.069 | Oversample: 1.57x
[coverage] Game 4800 | unique_states_cumulative: 58024/65536 (88.5%) | last100_unique: 10584
Game 4900 | Score: 0 | Record: 54 | Mean Score: 5.13 | Epsilon: 0.02 | Intrinsic: 0.000 | BufTerm: 0.044 | SampTerm: 0.076 | Oversample: 1.74x
[coverage] Game 4900 | unique_states_cumulative: 58398/65536 (89.1%) | last100_unique: 9392
Game 5000 | Score: 15 | Record: 54 | Mean Score: 5.22 | Epsilon: 0.02 | Intrinsic: 0.000 | BufTerm: 0.042 | SampTerm: 0.080 | Oversample: 1.89x
[coverage] Game 5000 | unique_states_cumulative: 58706/65536 (89.6%) | last100_unique: 9046

Training Complete!
Best Score: 54
Final Mean Score: 5.22
wandb: updating run metadata
wandb: uploading output.log; uploading wandb-summary.json; uploading config.yaml
wandb: uploading history steps 49-49, summary, console lines 100-105
wandb: 
wandb: Run history:
wandb:        Buf_Terminal_Frac ▆▇▇▇█████████▇▇▆▆▆▆▆▅▄▃▂▂▁▁▁▁▁▁▁▁▁▁▁▁▁▁▁
wandb:      Coverage_Cumulative ▁▁▁▁▂▂▂▂▂▂▃▃▃▃▄▄▄▄▄▅▅▆▆▆▆▇▇▇▇▇▇▇▇███████
wandb: Coverage_Cumulative_Frac ▁▁▁▁▂▂▂▂▂▂▂▃▃▃▃▄▄▄▄▄▅▅▅▆▆▆▇▇▇▇▇▇▇███████
wandb:       Coverage_Window100 ▁▁▁▁▁▁▁▁▁▁▁▂▃▂▂▃▄▃▄▆▅▇▇▆▆▇▇▇▆▇▇▇▆▆▆▇▇▇█▇
wandb:                  Epsilon ██▇▇▇▆▆▆▅▅▅▄▄▄▃▃▂▂▂▂▁▁▁▁▁▁▁▁▁▁▁▁▁▁▁▁▁▁▁▁
wandb:                     Game ▁▁▁▁▂▂▂▂▂▂▃▃▃▃▃▄▄▄▄▄▄▅▅▅▅▅▅▆▆▆▆▇▇▇▇▇▇███
wandb:               Mean_Score ▁▁▁▁▁▁▁▁▁▁▁▁▁▁▂▂▂▂▂▃▃▄▄▄▅▅▅▆▆▆▆▇▇▇▇▇▇███
wandb:                   Record ▁▁▁▁▁▁▁▁▁▁▁▁▂▂▂▃▃▃▄▄▆▆▆▇▇▇▇▇████████████
wandb:     Sample_Terminal_Frac █▆▆▇▇▇▆▆█▆▇▆▇▆▇▆▇▇▆▇▆▅▅▄▃▂▂▂▂▂▁▂▁▁▂▂▁▂▂▂
wandb:                    Score ▁▁▁▁▁▁▁▁▁▁▂▁▁▁▂▁▁▃▂▁▁▃▁▃▁▁▁▃▁▄▁▆▁▁▁█▁▁▄▃
wandb:                       +1 ...
wandb: 
wandb: Run summary:
wandb:        Buf_Terminal_Frac 0.04225
wandb:      Coverage_Cumulative 58706
wandb: Coverage_Cumulative_Frac 0.89578
wandb:       Coverage_Window100 9046
wandb:                  Epsilon 0.02
wandb:                     Game 5000
wandb:               Mean_Score 5.2204
wandb:                   Record 54
wandb:     Sample_Terminal_Frac 0.08
wandb:                    Score 15
wandb:                       +1 ...
wandb: 
wandb: 🚀 View run FeatureDQN_16x16_dense_seed1 at: https://wandb.ai/saheb37/rl-snake/runs/tomjh5u0
wandb: ⭐️ View project at: https://wandb.ai/saheb37/rl-snake
wandb: Synced 5 W&B file(s), 0 media file(s), 0 artifact file(s) and 0 other file(s)
wandb: Find logs at: ./wandb/run-20260513_114939-tomjh5u0/logs
